Archive member included to satisfy reference by file (symbol)

app/libapp.a(main.c.obj)      (--whole-archive)
zephyr/libzephyr.a(cbprintf_packaged.c.obj)
                              (--whole-archive)
zephyr/libzephyr.a(dec.c.obj)
                              (--whole-archive)
zephyr/libzephyr.a(fdtable.c.obj)
                              (--whole-archive)
zephyr/libzephyr.a(hex.c.obj)
                              (--whole-archive)
zephyr/libzephyr.a(printk.c.obj)
                              (--whole-archive)
zephyr/libzephyr.a(rb.c.obj)  (--whole-archive)
zephyr/libzephyr.a(sem.c.obj)
                              (--whole-archive)
zephyr/libzephyr.a(thread_entry.c.obj)
                              (--whole-archive)
zephyr/libzephyr.a(timeutil.c.obj)
                              (--whole-archive)
zephyr/libzephyr.a(heap.c.obj)
                              (--whole-archive)
zephyr/libzephyr.a(heap-validate.c.obj)
                              (--whole-archive)
zephyr/libzephyr.a(bitarray.c.obj)
                              (--whole-archive)
zephyr/libzephyr.a(multi_heap.c.obj)
                              (--whole-archive)
zephyr/libzephyr.a(onoff.c.obj)
                              (--whole-archive)
zephyr/libzephyr.a(notify.c.obj)
                              (--whole-archive)
zephyr/libzephyr.a(crc32c_sw.c.obj)
                              (--whole-archive)
zephyr/libzephyr.a(crc32_sw.c.obj)
                              (--whole-archive)
zephyr/libzephyr.a(crc16_sw.c.obj)
                              (--whole-archive)
zephyr/libzephyr.a(crc8_sw.c.obj)
                              (--whole-archive)
zephyr/libzephyr.a(crc7_sw.c.obj)
                              (--whole-archive)
zephyr/libzephyr.a(cbprintf_complete.c.obj)
                              (--whole-archive)
zephyr/libzephyr.a(cbprintf.c.obj)
                              (--whole-archive)
zephyr/libzephyr.a(assert.c.obj)
                              (--whole-archive)
zephyr/libzephyr.a(mpsc_pbuf.c.obj)
                              (--whole-archive)
zephyr/libzephyr.a(reboot.c.obj)
                              (--whole-archive)
zephyr/libzephyr.a(configs.c.obj)
                              (--whole-archive)
zephyr/libzephyr.a(soc_nrf_common.S.obj)
                              (--whole-archive)
zephyr/libzephyr.a(validate_base_addresses.c.obj)
                              (--whole-archive)
zephyr/libzephyr.a(validate_enabled_instances.c.obj)
                              (--whole-archive)
zephyr/libzephyr.a(thread_info.c.obj)
                              (--whole-archive)
zephyr/libzephyr.a(log_core.c.obj)
                              (--whole-archive)
zephyr/libzephyr.a(log_mgmt.c.obj)
                              (--whole-archive)
zephyr/libzephyr.a(log_cache.c.obj)
                              (--whole-archive)
zephyr/libzephyr.a(log_msg.c.obj)
                              (--whole-archive)
zephyr/libzephyr.a(log_output.c.obj)
                              (--whole-archive)
zephyr/libzephyr.a(log_backend_rtt.c.obj)
                              (--whole-archive)
zephyr/libzephyr.a(log_backend_uart.c.obj)
                              (--whole-archive)
zephyr/libzephyr.a(pm.c.obj)  (--whole-archive)
zephyr/libzephyr.a(policy.c.obj)
                              (--whole-archive)
zephyr/libzephyr.a(state.c.obj)
                              (--whole-archive)
zephyr/libzephyr.a(tracing_none.c.obj)
                              (--whole-archive)
zephyr/arch/common/libarch__common.a(sw_isr_common.c.obj)
                              (--whole-archive)
zephyr/arch/arch/arm/core/aarch32/libarch__arm__core__aarch32.a(cpu_idle.S.obj)
                              (--whole-archive)
zephyr/arch/arch/arm/core/aarch32/libarch__arm__core__aarch32.a(fatal.c.obj)
                              (--whole-archive)
zephyr/arch/arch/arm/core/aarch32/libarch__arm__core__aarch32.a(irq_manage.c.obj)
                              (--whole-archive)
zephyr/arch/arch/arm/core/aarch32/libarch__arm__core__aarch32.a(nmi.c.obj)
                              (--whole-archive)
zephyr/arch/arch/arm/core/aarch32/libarch__arm__core__aarch32.a(nmi_on_reset.S.obj)
                              (--whole-archive)
zephyr/arch/arch/arm/core/aarch32/libarch__arm__core__aarch32.a(prep_c.c.obj)
                              (--whole-archive)
zephyr/arch/arch/arm/core/aarch32/libarch__arm__core__aarch32.a(swap.c.obj)
                              (--whole-archive)
zephyr/arch/arch/arm/core/aarch32/libarch__arm__core__aarch32.a(swap_helper.S.obj)
                              (--whole-archive)
zephyr/arch/arch/arm/core/aarch32/libarch__arm__core__aarch32.a(thread.c.obj)
                              (--whole-archive)
zephyr/arch/arch/arm/core/aarch32/libarch__arm__core__aarch32.a(isr_wrapper.S.obj)
                              (--whole-archive)
zephyr/arch/arch/arm/core/aarch32/cortex_m/libarch__arm__core__aarch32__cortex_m.a(exc_exit.S.obj)
[...]
Memory Configuration

Name             Origin             Length             Attributes
FLASH            0x0000000000000000 0x0000000000080000 xr
RAM              0x0000000020000000 0x0000000000020000 xw
IDT_LIST         0x00000000fffff7ff 0x0000000000000800 xw
*default*        0x0000000000000000 0xffffffffffffffff

Linker script and memory map

LOAD zephyr/CMakeFiles/zephyr_final.dir/misc/empty_file.c.obj
LOAD zephyr/CMakeFiles/zephyr_final.dir/dev_handles.c.obj
LOAD zephyr/CMakeFiles/zephyr_final.dir/isr_tables.c.obj
LOAD app/libapp.a
LOAD zephyr/libzephyr.a
LOAD zephyr/arch/common/libarch__common.a
LOAD zephyr/arch/arch/arm/core/aarch32/libarch__arm__core__aarch32.a
LOAD zephyr/arch/arch/arm/core/aarch32/cortex_m/libarch__arm__core__aarch32__cortex_m.a
LOAD zephyr/arch/arch/arm/core/aarch32/mpu/libarch__arm__core__aarch32__mpu.a
LOAD zephyr/lib/libc/minimal/liblib__libc__minimal.a
LOAD zephyr/soc/arm/common/cortex_m/libsoc__arm__common__cortex_m.a
LOAD zephyr/soc/arm/nordic_nrf/nrf52/libsoc__arm__nordic_nrf__nrf52.a
LOAD zephyr/drivers/clock_control/libdrivers__clock_control.a
LOAD zephyr/drivers/console/libdrivers__console.a
LOAD zephyr/drivers/gpio/libdrivers__gpio.a
LOAD zephyr/drivers/i2c/libdrivers__i2c.a
LOAD zephyr/drivers/pinctrl/libdrivers__pinctrl.a
LOAD zephyr/drivers/sensor/bme680/libdrivers__sensor__bme680.a
LOAD zephyr/drivers/sensor/lis3mdl/libdrivers__sensor__lis3mdl.a
LOAD zephyr/drivers/sensor/nrf5/libdrivers__sensor__nrf5.a
LOAD zephyr/drivers/serial/libdrivers__serial.a
LOAD zephyr/drivers/timer/libdrivers__timer.a
LOAD modules/nrf/lib/fatal_error/lib..__nrf__lib__fatal_error.a
LOAD modules/hal_nordic/nrfx/libmodules__hal_nordic__nrfx.a
LOAD modules/segger/libmodules__segger.a
LOAD zephyr/kernel/libkernel.a
LOAD zephyr/CMakeFiles/offsets.dir/./arch/arm/core/offsets/offsets.c.obj
LOAD c:/ncs/toolchains/31f4403e35/opt/zephyr-sdk/arm-zephyr-eabi/bin/../lib/gcc/arm-zephyr-eabi/12.2.0/thumb/v7e-m/nofp\libgcc.a
LOAD zephyr/arch/common/libisr_tables.a
                0x0000000000000020                _region_min_align = 0x20

.rel.plt        0x0000000000000000        0x0
 *(SORT_BY_ALIGNMENT(.rel.plt))
                [!provide]                        PROVIDE (__rel_iplt_start = .)
 *(SORT_BY_ALIGNMENT(.rel.iplt))
 .rel.iplt      0x0000000000000000        0x0 zephyr/CMakeFiles/zephyr_final.dir/isr_tables.c.obj
                [!provide]                        PROVIDE (__rel_iplt_end = .)

.rela.plt       0x0000000000000000        0x0
 *(SORT_BY_ALIGNMENT(.rela.plt))
                [!provide]                        PROVIDE (__rela_iplt_start = .)
 *(SORT_BY_ALIGNMENT(.rela.iplt))
                [!provide]                        PROVIDE (__rela_iplt_end = .)

.rel.dyn
 *(SORT_BY_ALIGNMENT(.rel.*))

.rela.dyn
 *(SORT_BY_ALIGNMENT(.rela.*))

/DISCARD/
 *(SORT_BY_ALIGNMENT(.plt))

/DISCARD/
 *(SORT_BY_ALIGNMENT(.iplt))
                0x0000000000000000                __rom_region_start = 0x0

rom_start       0x0000000000000000      0x100
                0x0000000000000000                . = 0x0
                0x0000000000000000                . = ALIGN (0x4)
                0x0000000000000000                . = ALIGN (0x80)
                0x0000000000000000                . = ALIGN (0x100)
                0x0000000000000000                _vector_start = .
 *(SORT_BY_ALIGNMENT(.exc_vector_table))
 *(SORT_BY_ALIGNMENT(.exc_vector_table.*))
 .exc_vector_table._vector_table_section
                0x0000000000000000       0x40 zephyr/arch/arch/arm/core/aarch32/cortex_m/libarch__arm__core__aarch32__cortex_m.a(vector_table.S.obj)
                0x0000000000000000                _vector_table
 *(SORT_BY_ALIGNMENT(.vectors))
                0x0000000000000100                _vector_end = .
                0x0000000000000040                . = ALIGN (0x4)
 *(SORT_BY_ALIGNMENT(.gnu.linkonce.irq_vector_table*))
 .gnu.linkonce.irq_vector_table
                0x0000000000000040       0xc0 zephyr/CMakeFiles/zephyr_final.dir/isr_tables.c.obj
                0x0000000000000040                _irq_vector_table
                0x0000000000000100                _vector_end = .

text            0x0000000000000100     0xc0a0
                0x0000000000000100                __text_region_start = .
 *(SORT_BY_ALIGNMENT(.text))
 .text          0x0000000000000100      0x378 c:/ncs/toolchains/31f4403e35/opt/zephyr-sdk/arm-zephyr-eabi/bin/../lib/gcc/arm-zephyr-eabi/12.2.0/thumb/v7e-m/nofp\libgcc.a(_arm_addsubdf3.o)
                0x0000000000000100                __aeabi_drsub
                0x0000000000000108                __aeabi_dsub
                0x0000000000000108                __subdf3
                0x000000000000010c                __aeabi_dadd
                0x000000000000010c                __adddf3
                0x0000000000000384                __floatunsidf
                0x0000000000000384                __aeabi_ui2d
                0x00000000000003a4                __floatsidf
                0x00000000000003a4                __aeabi_i2d
                0x00000000000003c8                __aeabi_f2d
                0x00000000000003c8                __extendsfdf2
                0x000000000000040c                __floatundidf
                0x000000000000040c                __aeabi_ul2d
                0x000000000000041c                __floatdidf
                0x000000000000041c                __aeabi_l2d
 .text          0x0000000000000478      0x424 c:/ncs/toolchains/31f4403e35/opt/zephyr-sdk/arm-zephyr-eabi/bin/../lib/gcc/arm-zephyr-eabi/12.2.0/thumb/v7e-m/nofp\libgcc.a(_arm_muldivdf3.o)
                0x0000000000000478                __aeabi_dmul
                0x0000000000000478                __muldf3
                0x00000000000006cc                __divdf3
                0x00000000000006cc                __aeabi_ddiv
 .text          0x000000000000089c       0xa0 c:/ncs/toolchains/31f4403e35/opt/zephyr-sdk/arm-zephyr-eabi/bin/../lib/gcc/arm-zephyr-eabi/12.2.0/thumb/v7e-m/nofp\libgcc.a(_aeabi_ldivmod.o)
                0x000000000000089c                __aeabi_ldivmod
 .text          0x000000000000093c       0x30 c:/ncs/toolchains/31f4403e35/opt/zephyr-sdk/arm-zephyr-eabi/bin/../lib/gcc/arm-zephyr-eabi/12.2.0/thumb/v7e-m/nofp\libgcc.a(_aeabi_uldivmod.o)
                0x000000000000093c                __aeabi_uldivmod
 .text          0x000000000000096c        0x4 c:/ncs/toolchains/31f4403e35/opt/zephyr-sdk/arm-zephyr-eabi/bin/../lib/gcc/arm-zephyr-eabi/12.2.0/thumb/v7e-m/nofp\libgcc.a(_dvmd_tls.o)
                0x000000000000096c                __aeabi_idiv0
                0x000000000000096c                __aeabi_ldiv0
 .text          0x0000000000000970      0x2a0 c:/ncs/toolchains/31f4403e35/opt/zephyr-sdk/arm-zephyr-eabi/bin/../lib/gcc/arm-zephyr-eabi/12.2.0/thumb/v7e-m/nofp\libgcc.a(_udivmoddi4.o)
                0x0000000000000970                __udivmoddi4
 *(SORT_BY_ALIGNMENT(.text.*))
 .text.main     0x0000000000000c10      0x1a8 app/libapp.a(main.c.obj)
                0x0000000000000c10                main
 .text.cbvprintf_package
                0x0000000000000db8      0x4a4 zephyr/libzephyr.a(cbprintf_packaged.c.obj)
                0x0000000000000db8                cbvprintf_package
 .text.cbprintf_package_convert
                0x000000000000125c      0x4d0 zephyr/libzephyr.a(cbprintf_packaged.c.obj)
                0x000000000000125c                cbprintf_package_convert
 .text.__printk_hook_install
                0x000000000000172c        0xc zephyr/libzephyr.a(printk.c.obj)
                0x000000000000172c                __printk_hook_install
 .text.vsnprintk
                0x0000000000001738       0x30 zephyr/libzephyr.a(printk.c.obj)
                0x0000000000001738                vsnprintk
 .text.process_event
                0x0000000000001768      0x16c zephyr/libzephyr.a(onoff.c.obj)
 .text.extract_flags
                0x00000000000018d4       0xc4 zephyr/libzephyr.a(cbprintf_complete.c.obj)
 .text.encode_float
                0x0000000000001998      0x3e0 zephyr/libzephyr.a(cbprintf_complete.c.obj)
 .text.z_cbvprintf_impl
                0x0000000000001d78      0x6b0 zephyr/libzephyr.a(cbprintf_complete.c.obj)
                0x0000000000001d78                z_cbvprintf_impl
 .text.z_arm_platform_init
                0x0000000000002428        0x4 zephyr/libzephyr.a(soc_nrf_common.S.obj)
                0x0000000000002428                z_arm_platform_init
 .text.msg_process
                0x000000000000242c       0x3c zephyr/libzephyr.a(log_core.c.obj)
 .text.log_backend_notify_all
                0x0000000000002468       0x30 zephyr/libzephyr.a(log_core.c.obj)
 .text.activate_foreach_backend
                0x0000000000002498       0x64 zephyr/libzephyr.a(log_core.c.obj)
 .text.z_log_init
                0x00000000000024fc       0x98 zephyr/libzephyr.a(log_core.c.obj)
 .text.thread_set
                0x0000000000002594       0x28 zephyr/libzephyr.a(log_core.c.obj)
 .text.log_process_thread_timer_expiry_fn
                0x00000000000025bc       0x10 zephyr/libzephyr.a(log_core.c.obj)
 .text.enable_logger
                0x00000000000025cc       0x5c zephyr/libzephyr.a(log_core.c.obj)
 .text.log_format_func_t_get
                0x0000000000002628        0xc zephyr/libzephyr.a(log_core.c.obj)
                0x0000000000002628                log_format_func_t_get
 .text.log_set_timestamp_func
                0x0000000000002634       0x24 zephyr/libzephyr.a(log_core.c.obj)
                0x0000000000002634                log_set_timestamp_func
 .text.z_log_notify_backend_enabled
                0x0000000000002658       0x20 zephyr/libzephyr.a(log_core.c.obj)
                0x0000000000002658                z_log_notify_backend_enabled
 .text.z_log_dropped
                0x0000000000002678       0x40 zephyr/libzephyr.a(log_core.c.obj)
                0x0000000000002678                z_log_dropped
 .text.z_log_dropped_read_and_clear
                0x00000000000026b8       0x20 zephyr/libzephyr.a(log_core.c.obj)
                0x00000000000026b8                z_log_dropped_read_and_clear
 .text.dropped_notify
                0x00000000000026d8       0x38 zephyr/libzephyr.a(log_core.c.obj)
                0x00000000000026d8                dropped_notify
 .text.z_log_dropped_pending
                0x0000000000002710       0x14 zephyr/libzephyr.a(log_core.c.obj)
                0x0000000000002710                z_log_dropped_pending
 .text.z_log_msg_init
                0x0000000000002724       0x20 zephyr/libzephyr.a(log_core.c.obj)
                0x0000000000002724                z_log_msg_init
 .text.log_core_init
                0x0000000000002744       0x30 zephyr/libzephyr.a(log_core.c.obj)
                0x0000000000002744                log_core_init
 .text.z_log_msg_alloc
                0x0000000000002774       0x10 zephyr/libzephyr.a(log_core.c.obj)
                0x0000000000002774                z_log_msg_alloc
 .text.z_log_msg_local_claim
                0x0000000000002784       0x10 zephyr/libzephyr.a(log_core.c.obj)
                0x0000000000002784                z_log_msg_local_claim
 .text.z_log_msg_free
                0x0000000000002794       0x14 zephyr/libzephyr.a(log_core.c.obj)
                0x0000000000002794                z_log_msg_free
 .text.z_log_msg_pending
                0x00000000000027a8       0x10 zephyr/libzephyr.a(log_core.c.obj)
                0x00000000000027a8                z_log_msg_pending
 .text.z_impl_log_process
                0x00000000000027b8       0xbc zephyr/libzephyr.a(log_core.c.obj)
                0x00000000000027b8                z_impl_log_process
 .text.z_impl_log_panic
                0x0000000000002874       0x4c zephyr/libzephyr.a(log_core.c.obj)
                0x0000000000002874                z_impl_log_panic
 .text.z_log_msg_post_finalize
                0x00000000000028c0       0x88 zephyr/libzephyr.a(log_core.c.obj)
 .text.z_log_msg_commit
                0x0000000000002948       0x20 zephyr/libzephyr.a(log_core.c.obj)
                0x0000000000002948                z_log_msg_commit
 .text.log_process_thread_func
                0x0000000000002968       0x70 zephyr/libzephyr.a(log_core.c.obj)
 .text.log_src_cnt_get
                0x00000000000029d8       0x14 zephyr/libzephyr.a(log_mgmt.c.obj)
                0x00000000000029d8                log_src_cnt_get
 .text.log_source_name_get
                0x00000000000029ec       0x1c zephyr/libzephyr.a(log_mgmt.c.obj)
                0x00000000000029ec                log_source_name_get
 .text.log_backend_enable
                0x0000000000002a08       0x2c zephyr/libzephyr.a(log_mgmt.c.obj)
                0x0000000000002a08                log_backend_enable
 .text.cbprintf_package_copy
                0x0000000000002a34       0x30 zephyr/libzephyr.a(log_msg.c.obj)
 .text.z_impl_z_log_msg_static_create
                0x0000000000002a64      0x158 zephyr/libzephyr.a(log_msg.c.obj)
                0x0000000000002a64                z_impl_z_log_msg_static_create
 .text.print_formatted
                0x0000000000002bbc       0x28 zephyr/libzephyr.a(log_output.c.obj)
 .text.timestamp_print
                0x0000000000002be4       0x8c zephyr/libzephyr.a(log_output.c.obj)
 .text.color_print
                0x0000000000002c70       0x2c zephyr/libzephyr.a(log_output.c.obj)
 .text.ids_print
                0x0000000000002c9c       0x6c zephyr/libzephyr.a(log_output.c.obj)
 .text.prefix_print
                0x0000000000002d08       0x74 zephyr/libzephyr.a(log_output.c.obj)
 .text.newline_print
                0x0000000000002d7c       0x28 zephyr/libzephyr.a(log_output.c.obj)
 .text.hexdump_line_print
                0x0000000000002da4       0xbc zephyr/libzephyr.a(log_output.c.obj)
 .text.log_output_process
                0x0000000000002e60       0x80 zephyr/libzephyr.a(log_output.c.obj)
                0x0000000000002e60                log_output_process
 .text.log_output_msg_process
                0x0000000000002ee0       0x6c zephyr/libzephyr.a(log_output.c.obj)
                0x0000000000002ee0                log_output_msg_process
 .text.log_output_dropped_process
                0x0000000000002f4c       0x58 zephyr/libzephyr.a(log_output.c.obj)
                0x0000000000002f4c                log_output_dropped_process
 .text.log_output_timestamp_freq_set
                0x0000000000002fa4       0x2c zephyr/libzephyr.a(log_output.c.obj)
                0x0000000000002fa4                log_output_timestamp_freq_set
 .text.log_backend_rtt_init
                0x0000000000002fd0       0x1c zephyr/libzephyr.a(log_backend_rtt.c.obj)
 .text.format_set
                0x0000000000002fec        0xc zephyr/libzephyr.a(log_backend_rtt.c.obj)
 .text.on_failed_write
                0x0000000000002ff8       0x2c zephyr/libzephyr.a(log_backend_rtt.c.obj)
 .text.on_write
                0x0000000000003024       0x38 zephyr/libzephyr.a(log_backend_rtt.c.obj)
 .text.data_out_block_mode
                0x000000000000305c       0x70 zephyr/libzephyr.a(log_backend_rtt.c.obj)
 .text.panic    0x00000000000030cc       0x18 zephyr/libzephyr.a(log_backend_rtt.c.obj)
 .text.dropped  0x00000000000030e4       0x10 zephyr/libzephyr.a(log_backend_rtt.c.obj)
 .text.process  0x00000000000030f4       0x20 zephyr/libzephyr.a(log_backend_rtt.c.obj)
 .text.char_out
                0x0000000000003114       0x24 zephyr/libzephyr.a(log_backend_uart.c.obj)
 .text.format_set
                0x0000000000003138        0xc zephyr/libzephyr.a(log_backend_uart.c.obj)
 .text.panic    0x0000000000003144       0x18 zephyr/libzephyr.a(log_backend_uart.c.obj)
 .text.dropped  0x000000000000315c       0x10 zephyr/libzephyr.a(log_backend_uart.c.obj)
 .text.process  0x000000000000316c       0x20 zephyr/libzephyr.a(log_backend_uart.c.obj)
 .text.pm_state_notify
                0x000000000000318c       0x5c zephyr/libzephyr.a(pm.c.obj)
 .text.pm_exit_pos_ops
                0x00000000000031e8       0x20 zephyr/libzephyr.a(pm.c.obj)
 .text.pm_system_resume
                0x0000000000003208       0x48 zephyr/libzephyr.a(pm.c.obj)
                0x0000000000003208                pm_system_resume
 .text.pm_system_suspend
                0x0000000000003250      0x104 zephyr/libzephyr.a(pm.c.obj)
                0x0000000000003250                pm_system_suspend
 .text.pm_policy_next_state
                0x0000000000003354       0x98 zephyr/libzephyr.a(policy.c.obj)
                0x0000000000003354                pm_policy_next_state
 .text.pm_state_cpu_get_all
                0x00000000000033ec       0x10 zephyr/libzephyr.a(state.c.obj)
                0x00000000000033ec                pm_state_cpu_get_all
 .text.z_arm_cpu_idle_init
                0x00000000000033fc        0xc zephyr/arch/arch/arm/core/aarch32/libarch__arm__core__aarch32.a(cpu_idle.S.obj)
                0x00000000000033fc                z_arm_cpu_idle_init
 .text.arch_cpu_idle
                0x0000000000003408       0x1c zephyr/arch/arch/arm/core/aarch32/libarch__arm__core__aarch32.a(cpu_idle.S.obj)
                0x0000000000003408                arch_cpu_idle
 .text.arch_cpu_atomic_idle
                0x0000000000003424       0x18 zephyr/arch/arch/arm/core/aarch32/libarch__arm__core__aarch32.a(cpu_idle.S.obj)
                0x0000000000003424                arch_cpu_atomic_idle
 .text.esf_dump
                0x000000000000343c      0x23c zephyr/arch/arch/arm/core/aarch32/libarch__arm__core__aarch32.a(fatal.c.obj)
 .text.__NVIC_EnableIRQ
                0x0000000000003678       0x1c zephyr/arch/arch/arm/core/aarch32/libarch__arm__core__aarch32.a(irq_manage.c.obj)
 .text.__NVIC_SetPriority
                0x0000000000003694       0x28 zephyr/arch/arch/arm/core/aarch32/libarch__arm__core__aarch32.a(irq_manage.c.obj)
 .text.arch_irq_is_enabled
                0x00000000000036bc       0x1c zephyr/arch/arch/arm/core/aarch32/libarch__arm__core__aarch32.a(irq_manage.c.obj)
                0x00000000000036bc                arch_irq_is_enabled
 .text.z_SysNmiOnReset
                0x00000000000036d8        0x8 zephyr/arch/arch/arm/core/aarch32/libarch__arm__core__aarch32.a(nmi_on_reset.S.obj)
                0x00000000000036d8                z_SysNmiOnReset
 .text.z_arm_prep_c
                0x00000000000036e0       0x38 zephyr/arch/arch/arm/core/aarch32/libarch__arm__core__aarch32.a(prep_c.c.obj)
                0x00000000000036e0                z_arm_prep_c
 .text.arch_swap
                0x0000000000003718       0x38 zephyr/arch/arch/arm/core/aarch32/libarch__arm__core__aarch32.a(swap.c.obj)
                0x0000000000003718                arch_swap
 .text.z_arm_pendsv
                0x0000000000003750       0x58 zephyr/arch/arch/arm/core/aarch32/libarch__arm__core__aarch32.a(swap_helper.S.obj)
                0x0000000000003750                z_arm_pendsv
 .text.z_arm_svc
                0x00000000000037a8       0x20 zephyr/arch/arch/arm/core/aarch32/libarch__arm__core__aarch32.a(swap_helper.S.obj)
                0x00000000000037a8                z_arm_svc
 .text.arch_new_thread
                0x00000000000037c8       0x44 zephyr/arch/arch/arm/core/aarch32/libarch__arm__core__aarch32.a(thread.c.obj)
                0x00000000000037c8                arch_new_thread
 .text.z_check_thread_stack_fail
                0x000000000000380c       0x48 zephyr/arch/arch/arm/core/aarch32/libarch__arm__core__aarch32.a(thread.c.obj)
                0x000000000000380c                z_check_thread_stack_fail
 .text.arch_switch_to_main_thread
                0x0000000000003854       0x2c zephyr/arch/arch/arm/core/aarch32/libarch__arm__core__aarch32.a(thread.c.obj)
                0x0000000000003854                arch_switch_to_main_thread
 .text._isr_wrapper
                0x0000000000003880       0x40 zephyr/arch/arch/arm/core/aarch32/libarch__arm__core__aarch32.a(isr_wrapper.S.obj)
                0x0000000000003880                _isr_wrapper
 .text._HandlerModeExit
                0x00000000000038c0       0x1c zephyr/arch/arch/arm/core/aarch32/cortex_m/libarch__arm__core__aarch32__cortex_m.a(exc_exit.S.obj)
                0x00000000000038c0                z_arm_int_exit
                0x00000000000038c0                z_arm_exc_exit
 .text.z_arm_is_synchronous_svc
                0x00000000000038dc       0x3c zephyr/arch/arch/arm/core/aarch32/cortex_m/libarch__arm__core__aarch32__cortex_m.a(fault.c.obj)
 .text.get_esf  0x0000000000003918       0x84 zephyr/arch/arch/arm/core/aarch32/cortex_m/libarch__arm__core__aarch32__cortex_m.a(fault.c.obj)
 .text.bus_fault
                0x000000000000399c      0x31c zephyr/arch/arch/arm/core/aarch32/cortex_m/libarch__arm__core__aarch32__cortex_m.a(fault.c.obj)
 .text.usage_fault
                0x0000000000003cb8      0x284 zephyr/arch/arch/arm/core/aarch32/cortex_m/libarch__arm__core__aarch32__cortex_m.a(fault.c.obj)
 .text.debug_monitor
                0x0000000000003f3c       0x5c zephyr/arch/arch/arm/core/aarch32/cortex_m/libarch__arm__core__aarch32__cortex_m.a(fault.c.obj)
 .text.reserved_exception
                0x0000000000003f98       0xd8 zephyr/arch/arch/arm/core/aarch32/cortex_m/libarch__arm__core__aarch32__cortex_m.a(fault.c.obj)
 .text.mem_manage_fault
                0x0000000000004070      0x318 zephyr/arch/arch/arm/core/aarch32/cortex_m/libarch__arm__core__aarch32__cortex_m.a(fault.c.obj)
 .text.hard_fault
                0x0000000000004388      0x228 zephyr/arch/arch/arm/core/aarch32/cortex_m/libarch__arm__core__aarch32__cortex_m.a(fault.c.obj)
 .text.z_arm_fault
                0x00000000000045b0       0x74 zephyr/arch/arch/arm/core/aarch32/cortex_m/libarch__arm__core__aarch32__cortex_m.a(fault.c.obj)
                0x00000000000045b0                z_arm_fault
 .text.z_arm_fault_init
                0x0000000000004624       0x10 zephyr/arch/arch/arm/core/aarch32/cortex_m/libarch__arm__core__aarch32__cortex_m.a(fault.c.obj)
                0x0000000000004624                z_arm_fault_init
 .text.__fault  0x0000000000004634       0x14 zephyr/arch/arch/arm/core/aarch32/cortex_m/libarch__arm__core__aarch32__cortex_m.a(fault_s.S.obj)
                0x0000000000004634                z_arm_usage_fault
                0x0000000000004634                z_arm_mpu_fault
                0x0000000000004634                z_arm_exc_spurious
                0x0000000000004634                z_arm_debug_monitor
                0x0000000000004634                z_arm_hard_fault
                0x0000000000004634                z_arm_bus_fault
 .text.z_arm_interrupt_init
                0x0000000000004648       0x34 zephyr/arch/arch/arm/core/aarch32/cortex_m/libarch__arm__core__aarch32__cortex_m.a(irq_init.c.obj)
                0x0000000000004648                z_arm_interrupt_init
 .text._reset_section
                0x000000000000467c       0x60 zephyr/arch/arch/arm/core/aarch32/cortex_m/libarch__arm__core__aarch32__cortex_m.a(reset.S.obj)
                0x000000000000467c                __start
                0x000000000000467c                z_arm_reset
 .text.z_arm_clear_arm_mpu_config
                0x00000000000046dc       0x28 zephyr/arch/arch/arm/core/aarch32/cortex_m/libarch__arm__core__aarch32__cortex_m.a(scb.c.obj)
                0x00000000000046dc                z_arm_clear_arm_mpu_config
 .text.z_arm_init_arch_hw_at_boot
                0x0000000000004704       0x54 zephyr/arch/arch/arm/core/aarch32/cortex_m/libarch__arm__core__aarch32__cortex_m.a(scb.c.obj)
                0x0000000000004704                z_arm_init_arch_hw_at_boot
 .text.z_impl_k_thread_abort
                0x0000000000004758       0x34 zephyr/arch/arch/arm/core/aarch32/cortex_m/libarch__arm__core__aarch32__cortex_m.a(thread_abort.c.obj)
                0x0000000000004758                z_impl_k_thread_abort
 .text.z_arm_configure_static_mpu_regions
                0x000000000000478c       0x1c zephyr/arch/arch/arm/core/aarch32/mpu/libarch__arm__core__aarch32__mpu.a(arm_core_mpu.c.obj)
                0x000000000000478c                z_arm_configure_static_mpu_regions
 .text.z_arm_configure_dynamic_mpu_regions
                0x00000000000047a8       0x24 zephyr/arch/arch/arm/core/aarch32/mpu/libarch__arm__core__aarch32__mpu.a(arm_core_mpu.c.obj)
                0x00000000000047a8                z_arm_configure_dynamic_mpu_regions
 .text.region_init
                0x00000000000047cc       0x28 zephyr/arch/arch/arm/core/aarch32/mpu/libarch__arm__core__aarch32__mpu.a(arm_mpu.c.obj)
 .text.region_allocate_and_init
                0x00000000000047f4       0x98 zephyr/arch/arch/arm/core/aarch32/mpu/libarch__arm__core__aarch32__mpu.a(arm_mpu.c.obj)
 .text.mpu_configure_regions
                0x000000000000488c       0xd4 zephyr/arch/arch/arm/core/aarch32/mpu/libarch__arm__core__aarch32__mpu.a(arm_mpu.c.obj)
 .text.mpu_configure_static_mpu_regions
                0x0000000000004960       0x14 zephyr/arch/arch/arm/core/aarch32/mpu/libarch__arm__core__aarch32__mpu.a(arm_mpu.c.obj)
 .text.mpu_configure_dynamic_mpu_regions
                0x0000000000004974       0x34 zephyr/arch/arch/arm/core/aarch32/mpu/libarch__arm__core__aarch32__mpu.a(arm_mpu.c.obj)
 .text.arm_core_mpu_enable
                0x00000000000049a8       0x18 zephyr/arch/arch/arm/core/aarch32/mpu/libarch__arm__core__aarch32__mpu.a(arm_mpu.c.obj)
                0x00000000000049a8                arm_core_mpu_enable
 .text.arm_core_mpu_disable
                0x00000000000049c0       0x14 zephyr/arch/arch/arm/core/aarch32/mpu/libarch__arm__core__aarch32__mpu.a(arm_mpu.c.obj)
                0x00000000000049c0                arm_core_mpu_disable
 .text.z_arm_mpu_init
                0x00000000000049d4       0x44 zephyr/arch/arch/arm/core/aarch32/mpu/libarch__arm__core__aarch32__mpu.a(arm_mpu.c.obj)
                0x00000000000049d4                z_arm_mpu_init
 .text.__stdout_hook_install
                0x0000000000004a18        0xc zephyr/lib/libc/minimal/liblib__libc__minimal.a(stdout_console.c.obj)
                0x0000000000004a18                __stdout_hook_install
 .text.z_impl_zephyr_fputc
                0x0000000000004a24       0x1c zephyr/lib/libc/minimal/liblib__libc__minimal.a(stdout_console.c.obj)
                0x0000000000004a24                z_impl_zephyr_fputc
 .text.printf   0x0000000000004a40       0x28 zephyr/lib/libc/minimal/liblib__libc__minimal.a(fprintf.c.obj)
                0x0000000000004a40                printf
 .text.__NVIC_SystemReset
                0x0000000000004a68       0x24 zephyr/soc/arm/nordic_nrf/nrf52/libsoc__arm__nordic_nrf__nrf52.a(soc.c.obj)
 .text.nordicsemi_nrf52_init
                0x0000000000004a8c       0x28 zephyr/soc/arm/nordic_nrf/nrf52/libsoc__arm__nordic_nrf__nrf52.a(soc.c.obj)
 .text.arch_busy_wait
                0x0000000000004ab4       0x18 zephyr/soc/arm/nordic_nrf/nrf52/libsoc__arm__nordic_nrf__nrf52.a(soc.c.obj)
                0x0000000000004ab4                arch_busy_wait
 .text.get_hf_flags
                0x0000000000004acc        0x8 zephyr/drivers/clock_control/libdrivers__clock_control.a(clock_control_nrf.c.obj)
 .text.get_subsys
                0x0000000000004ad4       0x18 zephyr/drivers/clock_control/libdrivers__clock_control.a(clock_control_nrf.c.obj)
 .text.onoff_stop
                0x0000000000004aec       0x20 zephyr/drivers/clock_control/libdrivers__clock_control.a(clock_control_nrf.c.obj)
 .text.onoff_start
                0x0000000000004b0c       0x34 zephyr/drivers/clock_control/libdrivers__clock_control.a(clock_control_nrf.c.obj)
 .text.clock_event_handler
                0x0000000000004b40       0x34 zephyr/drivers/clock_control/libdrivers__clock_control.a(clock_control_nrf.c.obj)
 .text.generic_hfclk_start
                0x0000000000004b74       0x70 zephyr/drivers/clock_control/libdrivers__clock_control.a(clock_control_nrf.c.obj)
 .text.generic_hfclk_stop
                0x0000000000004be4       0x38 zephyr/drivers/clock_control/libdrivers__clock_control.a(clock_control_nrf.c.obj)
 .text.lfclk_spinwait
                0x0000000000004c1c       0xcc zephyr/drivers/clock_control/libdrivers__clock_control.a(clock_control_nrf.c.obj)
 .text.api_blocking_start
                0x0000000000004ce8       0x38 zephyr/drivers/clock_control/libdrivers__clock_control.a(clock_control_nrf.c.obj)
 .text.clk_init
                0x0000000000004d20       0x60 zephyr/drivers/clock_control/libdrivers__clock_control.a(clock_control_nrf.c.obj)
 .text.z_nrf_clock_control_get_onoff
                0x0000000000004d80       0x10 zephyr/drivers/clock_control/libdrivers__clock_control.a(clock_control_nrf.c.obj)
                0x0000000000004d80                z_nrf_clock_control_get_onoff
 .text.z_nrf_clock_control_lf_on
                0x0000000000004d90       0x54 zephyr/drivers/clock_control/libdrivers__clock_control.a(clock_control_nrf.c.obj)
                0x0000000000004d90                z_nrf_clock_control_lf_on
 .text.console_out
                0x0000000000004de4       0x28 zephyr/drivers/console/libdrivers__console.a(uart_console.c.obj)
 .text.uart_console_hook_install
                0x0000000000004e0c       0x18 zephyr/drivers/console/libdrivers__console.a(uart_console.c.obj)
 .text.uart_console_init
                0x0000000000004e24       0x1c zephyr/drivers/console/libdrivers__console.a(uart_console.c.obj)
 .text.get_dev  0x0000000000004e40       0x1c zephyr/drivers/gpio/libdrivers__gpio.a(gpio_nrfx.c.obj)
 .text.gpio_nrfx_pin_interrupt_configure
                0x0000000000004e5c       0xc8 zephyr/drivers/gpio/libdrivers__gpio.a(gpio_nrfx.c.obj)
 .text.gpio_nrfx_pin_configure
                0x0000000000004f24      0x110 zephyr/drivers/gpio/libdrivers__gpio.a(gpio_nrfx.c.obj)
 .text.gpio_nrfx_init
                0x0000000000005034       0x3c zephyr/drivers/gpio/libdrivers__gpio.a(gpio_nrfx.c.obj)
 .text.i2c_nrfx_twi_recover_bus
                0x0000000000005070       0x28 zephyr/drivers/i2c/libdrivers__i2c.a(i2c_nrfx_twi.c.obj)
 .text.i2c_nrfx_twi_configure
                0x0000000000005098       0x94 zephyr/drivers/i2c/libdrivers__i2c.a(i2c_nrfx_twi.c.obj)
 .text.i2c_nrfx_twi_transfer
                0x000000000000512c      0x22c zephyr/drivers/i2c/libdrivers__i2c.a(i2c_nrfx_twi.c.obj)
 .text.event_handler
                0x0000000000005358       0x40 zephyr/drivers/i2c/libdrivers__i2c.a(i2c_nrfx_twi.c.obj)
 .text.init_twi
                0x0000000000005398       0xdc zephyr/drivers/i2c/libdrivers__i2c.a(i2c_nrfx_twi.c.obj)
 .text.nrf_gpio_pin_write
                0x0000000000005474       0x40 zephyr/drivers/pinctrl/libdrivers__pinctrl.a(pinctrl_nrf.c.obj)
 .text.pinctrl_configure_pins
                0x00000000000054b4      0x16c zephyr/drivers/pinctrl/libdrivers__pinctrl.a(pinctrl_nrf.c.obj)
                0x00000000000054b4                pinctrl_configure_pins
 .text.bme680_calc_humidity
                0x0000000000005620       0xd0 zephyr/drivers/sensor/bme680/libdrivers__sensor__bme680.a(bme680.c.obj)
 .text.bme680_calc_gas_resistance
                0x00000000000056f0       0x88 zephyr/drivers/sensor/bme680/libdrivers__sensor__bme680.a(bme680.c.obj)
 .text.bme680_calc_res_heat
                0x0000000000005778       0xac zephyr/drivers/sensor/bme680/libdrivers__sensor__bme680.a(bme680.c.obj)
 .text.bme680_channel_get
                0x0000000000005824       0xb8 zephyr/drivers/sensor/bme680/libdrivers__sensor__bme680.a(bme680.c.obj)
 .text.bme680_init
                0x00000000000058dc      0x1f0 zephyr/drivers/sensor/bme680/libdrivers__sensor__bme680.a(bme680.c.obj)
 .text.lis3mdl_init
                0x0000000000005acc      0x200 zephyr/drivers/sensor/lis3mdl/libdrivers__sensor__lis3mdl.a(lis3mdl.c.obj)
                0x0000000000005acc                lis3mdl_init
 .text.lis3mdl_init_interrupt
                0x0000000000005ccc       0xc4 zephyr/drivers/sensor/lis3mdl/libdrivers__sensor__lis3mdl.a(lis3mdl_trigger.c.obj)
                0x0000000000005ccc                lis3mdl_init_interrupt
 .text.hfclk_on_callback
                0x0000000000005d90        0xc zephyr/drivers/sensor/nrf5/libdrivers__sensor__nrf5.a(temp_nrf5.c.obj)
 .text.temp_nrf5_channel_get
                0x0000000000005d9c       0x3c zephyr/drivers/sensor/nrf5/libdrivers__sensor__nrf5.a(temp_nrf5.c.obj)
 .text.temp_nrf5_sample_fetch
                0x0000000000005dd8       0x80 zephyr/drivers/sensor/nrf5/libdrivers__sensor__nrf5.a(temp_nrf5.c.obj)
 .text.temp_nrf5_init
                0x0000000000005e58       0x40 zephyr/drivers/sensor/nrf5/libdrivers__sensor__nrf5.a(temp_nrf5.c.obj)
 .text.temp_nrf5_isr
                0x0000000000005e98       0x1c zephyr/drivers/sensor/nrf5/libdrivers__sensor__nrf5.a(temp_nrf5.c.obj)
 .text.baudrate_set
                0x0000000000005eb4      0x150 zephyr/drivers/serial/libdrivers__serial.a(uart_nrfx_uarte.c.obj)
 .text.uarte_nrfx_poll_out
                0x0000000000006004       0x5c zephyr/drivers/serial/libdrivers__serial.a(uart_nrfx_uarte.c.obj)
 .text.endtx_stoptx_ppi_init
                0x0000000000006060       0x98 zephyr/drivers/serial/libdrivers__serial.a(uart_nrfx_uarte.c.obj)
 .text.set_comparator
                0x00000000000060f8       0x14 zephyr/drivers/timer/libdrivers__timer.a(nrf_rtc_timer.c.obj)
 .text.event_enable
                0x000000000000610c       0x14 zephyr/drivers/timer/libdrivers__timer.a(nrf_rtc_timer.c.obj)
 .text.event_disable
                0x0000000000006120       0x14 zephyr/drivers/timer/libdrivers__timer.a(nrf_rtc_timer.c.obj)
 .text.counter  0x0000000000006134        0xc zephyr/drivers/timer/libdrivers__timer.a(nrf_rtc_timer.c.obj)
 .text.set_alarm
                0x0000000000006140       0x6c zephyr/drivers/timer/libdrivers__timer.a(nrf_rtc_timer.c.obj)
 .text.int_event_disable_rtc
                0x00000000000061ac       0x18 zephyr/drivers/timer/libdrivers__timer.a(nrf_rtc_timer.c.obj)
 .text.compare_int_lock
                0x00000000000061c4       0x4c zephyr/drivers/timer/libdrivers__timer.a(nrf_rtc_timer.c.obj)
 .text.channel_processing_check_and_clear
                0x0000000000006210       0x60 zephyr/drivers/timer/libdrivers__timer.a(nrf_rtc_timer.c.obj)
 .text.compare_int_unlock
                0x0000000000006270       0x60 zephyr/drivers/timer/libdrivers__timer.a(nrf_rtc_timer.c.obj)
 .text.sys_clock_timeout_handler
                0x00000000000062d0       0x50 zephyr/drivers/timer/libdrivers__timer.a(nrf_rtc_timer.c.obj)
 .text.z_nrf_rtc_timer_read
                0x0000000000006320       0x40 zephyr/drivers/timer/libdrivers__timer.a(nrf_rtc_timer.c.obj)
                0x0000000000006320                z_nrf_rtc_timer_read
 .text.compare_set_nolocks
                0x0000000000006360       0x90 zephyr/drivers/timer/libdrivers__timer.a(nrf_rtc_timer.c.obj)
 .text.sys_clock_driver_init
                0x00000000000063f0       0x98 zephyr/drivers/timer/libdrivers__timer.a(nrf_rtc_timer.c.obj)
 .text.process_channel
                0x0000000000006488       0x7c zephyr/drivers/timer/libdrivers__timer.a(nrf_rtc_timer.c.obj)
 .text.rtc_nrf_isr
                0x0000000000006504       0x44 zephyr/drivers/timer/libdrivers__timer.a(nrf_rtc_timer.c.obj)
                0x0000000000006504                rtc_nrf_isr
 .text.sys_clock_set_timeout
                0x0000000000006548       0x78 zephyr/drivers/timer/libdrivers__timer.a(nrf_rtc_timer.c.obj)
                0x0000000000006548                sys_clock_set_timeout
 .text.sys_clock_elapsed
                0x00000000000065c0       0x14 zephyr/drivers/timer/libdrivers__timer.a(nrf_rtc_timer.c.obj)
                0x00000000000065c0                sys_clock_elapsed
 .text.k_sys_fatal_error_handler
                0x00000000000065d4       0x60 modules/nrf/lib/fatal_error/lib..__nrf__lib__fatal_error.a(fatal_error.c.obj)
                0x00000000000065d4                k_sys_fatal_error_handler
 .text.__NVIC_SystemReset
                0x0000000000006634       0x24 modules/hal_nordic/nrfx/libmodules__hal_nordic__nrfx.a(system_nrf52833.c.obj)
 .text.nvmc_wait
                0x0000000000006658       0x10 modules/hal_nordic/nrfx/libmodules__hal_nordic__nrfx.a(system_nrf52833.c.obj)
                0x0000000000006658                nvmc_wait
 .text.nvmc_config
                0x0000000000006668       0x14 modules/hal_nordic/nrfx/libmodules__hal_nordic__nrfx.a(system_nrf52833.c.obj)
                0x0000000000006668                nvmc_config
 .text.SystemInit
                0x000000000000667c      0x118 modules/hal_nordic/nrfx/libmodules__hal_nordic__nrfx.a(system_nrf52833.c.obj)
                0x000000000000667c                SystemInit
 .text.nrfx_flag32_alloc
                0x0000000000006794       0x50 modules/hal_nordic/nrfx/libmodules__hal_nordic__nrfx.a(nrfx_flag32_allocator.c.obj)
                0x0000000000006794                nrfx_flag32_alloc
 .text.nrfx_flag32_free
                0x00000000000067e4       0x44 modules/hal_nordic/nrfx/libmodules__hal_nordic__nrfx.a(nrfx_flag32_allocator.c.obj)
                0x00000000000067e4                nrfx_flag32_free
 .text.nrfx_clock_init
                0x0000000000006828       0x24 modules/hal_nordic/nrfx/libmodules__hal_nordic__nrfx.a(nrfx_clock.c.obj)
                0x0000000000006828                nrfx_clock_init
 .text.nrfx_power_clock_irq_handler
                0x000000000000684c       0x74 modules/hal_nordic/nrfx/libmodules__hal_nordic__nrfx.a(nrfx_clock.c.obj)
                0x000000000000684c                nrfx_power_clock_irq_handler
 .text.nrf_gpio_reconfigure
                0x00000000000068c0       0xb8 modules/hal_nordic/nrfx/libmodules__hal_nordic__nrfx.a(nrfx_gpiote.c.obj)
 .text.nrf_gpio_latches_read_and_clear
                0x0000000000006978       0x44 modules/hal_nordic/nrfx/libmodules__hal_nordic__nrfx.a(nrfx_gpiote.c.obj)
 .text.pin_in_use
                0x00000000000069bc       0x14 modules/hal_nordic/nrfx/libmodules__hal_nordic__nrfx.a(nrfx_gpiote.c.obj)
 .text.pin_in_use_by_te
                0x00000000000069d0       0x14 modules/hal_nordic/nrfx/libmodules__hal_nordic__nrfx.a(nrfx_gpiote.c.obj)
 .text.pin_has_trigger
                0x00000000000069e4       0x18 modules/hal_nordic/nrfx/libmodules__hal_nordic__nrfx.a(nrfx_gpiote.c.obj)
 .text.pin_is_output
                0x00000000000069fc       0x14 modules/hal_nordic/nrfx/libmodules__hal_nordic__nrfx.a(nrfx_gpiote.c.obj)
 .text.pin_te_get
                0x0000000000006a10       0x10 modules/hal_nordic/nrfx/libmodules__hal_nordic__nrfx.a(nrfx_gpiote.c.obj)
 .text.handler_in_use
                0x0000000000006a20       0x34 modules/hal_nordic/nrfx/libmodules__hal_nordic__nrfx.a(nrfx_gpiote.c.obj)
 .text.find_handler
                0x0000000000006a54       0x2c modules/hal_nordic/nrfx/libmodules__hal_nordic__nrfx.a(nrfx_gpiote.c.obj)
 .text.get_initial_sense
                0x0000000000006a80       0x4c modules/hal_nordic/nrfx/libmodules__hal_nordic__nrfx.a(nrfx_gpiote.c.obj)
 .text.channel_handler_get
                0x0000000000006acc       0x20 modules/hal_nordic/nrfx/libmodules__hal_nordic__nrfx.a(nrfx_gpiote.c.obj)
 .text.call_handler
                0x0000000000006aec       0x2c modules/hal_nordic/nrfx/libmodules__hal_nordic__nrfx.a(nrfx_gpiote.c.obj)
 .text.next_sense_cond_call_handler
                0x0000000000006b18       0x84 modules/hal_nordic/nrfx/libmodules__hal_nordic__nrfx.a(nrfx_gpiote.c.obj)
 .text.release_handler
                0x0000000000006b9c       0x44 modules/hal_nordic/nrfx/libmodules__hal_nordic__nrfx.a(nrfx_gpiote.c.obj)
 .text.pin_handler_trigger_uninit
                0x0000000000006be0       0x38 modules/hal_nordic/nrfx/libmodules__hal_nordic__nrfx.a(nrfx_gpiote.c.obj)
 .text.pin_handler_set
                0x0000000000006c18       0x6c modules/hal_nordic/nrfx/libmodules__hal_nordic__nrfx.a(nrfx_gpiote.c.obj)
 .text.port_event_handle
                0x0000000000006c84       0xa8 modules/hal_nordic/nrfx/libmodules__hal_nordic__nrfx.a(nrfx_gpiote.c.obj)
 .text.gpiote_evt_handle
                0x0000000000006d2c       0x44 modules/hal_nordic/nrfx/libmodules__hal_nordic__nrfx.a(nrfx_gpiote.c.obj)
 .text.nrfx_gpiote_input_configure
                0x0000000000006d70      0x128 modules/hal_nordic/nrfx/libmodules__hal_nordic__nrfx.a(nrfx_gpiote.c.obj)
                0x0000000000006d70                nrfx_gpiote_input_configure
 .text.nrfx_gpiote_output_configure
                0x0000000000006e98       0xd4 modules/hal_nordic/nrfx/libmodules__hal_nordic__nrfx.a(nrfx_gpiote.c.obj)
                0x0000000000006e98                nrfx_gpiote_output_configure
 .text.nrfx_gpiote_global_callback_set
                0x0000000000006f6c        0xc modules/hal_nordic/nrfx/libmodules__hal_nordic__nrfx.a(nrfx_gpiote.c.obj)
                0x0000000000006f6c                nrfx_gpiote_global_callback_set
 .text.nrfx_gpiote_channel_get
                0x0000000000006f78       0x30 modules/hal_nordic/nrfx/libmodules__hal_nordic__nrfx.a(nrfx_gpiote.c.obj)
                0x0000000000006f78                nrfx_gpiote_channel_get
 .text.nrfx_gpiote_init
                0x0000000000006fa8       0x54 modules/hal_nordic/nrfx/libmodules__hal_nordic__nrfx.a(nrfx_gpiote.c.obj)
                0x0000000000006fa8                nrfx_gpiote_init
 .text.nrfx_gpiote_is_init
                0x0000000000006ffc       0x14 modules/hal_nordic/nrfx/libmodules__hal_nordic__nrfx.a(nrfx_gpiote.c.obj)
                0x0000000000006ffc                nrfx_gpiote_is_init
 .text.nrfx_gpiote_channel_free
                0x0000000000007010       0x10 modules/hal_nordic/nrfx/libmodules__hal_nordic__nrfx.a(nrfx_gpiote.c.obj)
                0x0000000000007010                nrfx_gpiote_channel_free
 .text.nrfx_gpiote_channel_alloc
                0x0000000000007020       0x10 modules/hal_nordic/nrfx/libmodules__hal_nordic__nrfx.a(nrfx_gpiote.c.obj)
                0x0000000000007020                nrfx_gpiote_channel_alloc
 .text.nrfx_gpiote_trigger_enable
                0x0000000000007030       0x64 modules/hal_nordic/nrfx/libmodules__hal_nordic__nrfx.a(nrfx_gpiote.c.obj)
                0x0000000000007030                nrfx_gpiote_trigger_enable
 .text.nrfx_gpiote_trigger_disable
                0x0000000000007094       0x44 modules/hal_nordic/nrfx/libmodules__hal_nordic__nrfx.a(nrfx_gpiote.c.obj)
                0x0000000000007094                nrfx_gpiote_trigger_disable
 .text.nrfx_gpiote_pin_uninit
                0x00000000000070d8       0x48 modules/hal_nordic/nrfx/libmodules__hal_nordic__nrfx.a(nrfx_gpiote.c.obj)
                0x00000000000070d8                nrfx_gpiote_pin_uninit
 .text.nrfx_gpiote_irq_handler
                0x0000000000007120       0x60 modules/hal_nordic/nrfx/libmodules__hal_nordic__nrfx.a(nrfx_gpiote.c.obj)
                0x0000000000007120                nrfx_gpiote_irq_handler
 .text.nrfx_ppi_channel_alloc
                0x0000000000007180       0x10 modules/hal_nordic/nrfx/libmodules__hal_nordic__nrfx.a(nrfx_ppi.c.obj)
                0x0000000000007180                nrfx_ppi_channel_alloc
 .text.twi_process_error
                0x0000000000007190       0x34 modules/hal_nordic/nrfx/libmodules__hal_nordic__nrfx.a(nrfx_twi.c.obj)
 .text.twi_tx_start_transfer
                0x00000000000071c4       0xbc modules/hal_nordic/nrfx/libmodules__hal_nordic__nrfx.a(nrfx_twi.c.obj)
 .text.twi_rx_start_transfer
                0x0000000000007280       0xcc modules/hal_nordic/nrfx/libmodules__hal_nordic__nrfx.a(nrfx_twi.c.obj)
 .text.twi_xfer
                0x000000000000734c       0xc0 modules/hal_nordic/nrfx/libmodules__hal_nordic__nrfx.a(nrfx_twi.c.obj)
 .text.nrfx_twi_init
                0x000000000000740c       0xd0 modules/hal_nordic/nrfx/libmodules__hal_nordic__nrfx.a(nrfx_twi.c.obj)
                0x000000000000740c                nrfx_twi_init
 .text.nrfx_twi_enable
                0x00000000000074dc       0x20 modules/hal_nordic/nrfx/libmodules__hal_nordic__nrfx.a(nrfx_twi.c.obj)
                0x00000000000074dc                nrfx_twi_enable
 .text.nrfx_twi_disable
                0x00000000000074fc       0x3c modules/hal_nordic/nrfx/libmodules__hal_nordic__nrfx.a(nrfx_twi.c.obj)
                0x00000000000074fc                nrfx_twi_disable
 .text.nrfx_twi_xfer
                0x0000000000007538       0x20 modules/hal_nordic/nrfx/libmodules__hal_nordic__nrfx.a(nrfx_twi.c.obj)
                0x0000000000007538                nrfx_twi_xfer
 .text.nrfx_twi_0_irq_handler
                0x0000000000007558       0x14 modules/hal_nordic/nrfx/libmodules__hal_nordic__nrfx.a(nrfx_twi.c.obj)
                0x0000000000007558                nrfx_twi_0_irq_handler
 .text.nrfx_twi_twim_bus_recover
                0x000000000000756c       0xbc modules/hal_nordic/nrfx/libmodules__hal_nordic__nrfx.a(nrfx_twi_twim.c.obj)
                0x000000000000756c                nrfx_twi_twim_bus_recover
 .text._DoInit  0x0000000000007628       0x60 modules/segger/libmodules__segger.a(SEGGER_RTT.c.obj)
 .text.SEGGER_RTT_WriteSkipNoLock
                0x0000000000007688       0xc8 modules/segger/libmodules__segger.a(SEGGER_RTT.c.obj)
                0x0000000000007688                SEGGER_RTT_WriteSkipNoLock
 .text.SEGGER_RTT_HasDataUp
                0x0000000000007750       0x20 modules/segger/libmodules__segger.a(SEGGER_RTT.c.obj)
                0x0000000000007750                SEGGER_RTT_HasDataUp
 .text.zephyr_rtt_mutex_lock
                0x0000000000007770       0x18 modules/segger/libmodules__segger.a(SEGGER_RTT_zephyr.c.obj)
                0x0000000000007770                zephyr_rtt_mutex_lock
 .text.zephyr_rtt_mutex_unlock
                0x0000000000007788       0x10 modules/segger/libmodules__segger.a(SEGGER_RTT_zephyr.c.obj)
                0x0000000000007788                zephyr_rtt_mutex_unlock
 .text.z_device_state_init
                0x0000000000007798       0x18 zephyr/kernel/libkernel.a(device.c.obj)
                0x0000000000007798                z_device_state_init
 .text.reason_to_str
                0x00000000000077b0       0x40 zephyr/kernel/libkernel.a(fatal.c.obj)
 .text.thread_name_get
                0x00000000000077f0       0x20 zephyr/kernel/libkernel.a(fatal.c.obj)
 .text.z_fatal_error
                0x0000000000007810      0x224 zephyr/kernel/libkernel.a(fatal.c.obj)
                0x0000000000007810                z_fatal_error
 .text.z_sys_init_run_level
                0x0000000000007a34       0x54 zephyr/kernel/libkernel.a(init.c.obj)
 .text.init_idle_thread
                0x0000000000007a88       0x60 zephyr/kernel/libkernel.a(init.c.obj)
 .text.bg_thread_main
                0x0000000000007ae8       0x34 zephyr/kernel/libkernel.a(init.c.obj)
 .text.switch_to_main_thread
                0x0000000000007b1c       0x14 zephyr/kernel/libkernel.a(init.c.obj)
 .text.z_bss_zero
                0x0000000000007b30       0x18 zephyr/kernel/libkernel.a(init.c.obj)
                0x0000000000007b30                z_bss_zero
 .text.z_init_cpu
                0x0000000000007b48       0x44 zephyr/kernel/libkernel.a(init.c.obj)
                0x0000000000007b48                z_init_cpu
 .text.prepare_multithreading
                0x0000000000007b8c       0x60 zephyr/kernel/libkernel.a(init.c.obj)
 .text.z_cstart
                0x0000000000007bec       0x90 zephyr/kernel/libkernel.a(init.c.obj)
                0x0000000000007bec                z_cstart
 .text.z_thread_monitor_exit
                0x0000000000007c7c       0x40 zephyr/kernel/libkernel.a(thread.c.obj)
                0x0000000000007c7c                z_thread_monitor_exit
 .text.z_impl_k_thread_name_set
                0x0000000000007cbc       0x24 zephyr/kernel/libkernel.a(thread.c.obj)
                0x0000000000007cbc                z_impl_k_thread_name_set
 .text.schedule_new_thread
                0x0000000000007ce0       0x1c zephyr/kernel/libkernel.a(thread.c.obj)
 .text.z_setup_new_thread
                0x0000000000007cfc       0xc8 zephyr/kernel/libkernel.a(thread.c.obj)
                0x0000000000007cfc                z_setup_new_thread
 .text.z_init_static_threads
                0x0000000000007dc4       0x94 zephyr/kernel/libkernel.a(thread.c.obj)
                0x0000000000007dc4                z_init_static_threads
 .text.idle     0x0000000000007e58       0x3c zephyr/kernel/libkernel.a(idle.c.obj)
                0x0000000000007e58                idle
 .text.z_impl_k_mutex_lock
                0x0000000000007e94      0x108 zephyr/kernel/libkernel.a(mutex.c.obj)
                0x0000000000007e94                z_impl_k_mutex_lock
 .text.z_impl_k_mutex_unlock
                0x0000000000007f9c       0x7c zephyr/kernel/libkernel.a(mutex.c.obj)
                0x0000000000007f9c                z_impl_k_mutex_unlock
 .text.z_impl_k_sem_give
                0x0000000000008018       0x48 zephyr/kernel/libkernel.a(sem.c.obj)
                0x0000000000008018                z_impl_k_sem_give
 .text.z_impl_k_sem_take
                0x0000000000008060       0x50 zephyr/kernel/libkernel.a(sem.c.obj)
                0x0000000000008060                z_impl_k_sem_take
 .text.queue_submit_locked
                0x00000000000080b0       0x7c zephyr/kernel/libkernel.a(work.c.obj)
 .text.finalize_cancel_locked
                0x000000000000812c       0x60 zephyr/kernel/libkernel.a(work.c.obj)
 .text.work_queue_main
                0x000000000000818c       0xf0 zephyr/kernel/libkernel.a(work.c.obj)
 .text.k_work_submit
                0x000000000000827c       0x10 zephyr/kernel/libkernel.a(work.c.obj)
                0x000000000000827c                k_work_submit
 .text.k_work_queue_start
                0x000000000000828c       0x7c zephyr/kernel/libkernel.a(work.c.obj)
                0x000000000000828c                k_work_queue_start
 .text.sliceable
                0x0000000000008308       0x4c zephyr/kernel/libkernel.a(sched.c.obj)
 .text.slice_timeout
                0x0000000000008354       0x20 zephyr/kernel/libkernel.a(sched.c.obj)
 .text.add_thread_timeout
                0x0000000000008374       0x20 zephyr/kernel/libkernel.a(sched.c.obj)
 .text.z_reset_time_slice
                0x0000000000008394       0x50 zephyr/kernel/libkernel.a(sched.c.obj)
                0x0000000000008394                z_reset_time_slice
 .text.z_reschedule
                0x00000000000083e4       0x2c zephyr/kernel/libkernel.a(sched.c.obj)
                0x00000000000083e4                z_reschedule
 .text.k_sched_lock
                0x0000000000008410       0x34 zephyr/kernel/libkernel.a(sched.c.obj)
                0x0000000000008410                k_sched_lock
 .text.update_cache
                0x0000000000008444       0x50 zephyr/kernel/libkernel.a(sched.c.obj)
 .text.move_thread_to_end_of_prio_q
                0x0000000000008494       0x8c zephyr/kernel/libkernel.a(sched.c.obj)
 .text.z_time_slice
                0x0000000000008520       0x74 zephyr/kernel/libkernel.a(sched.c.obj)
                0x0000000000008520                z_time_slice
 .text.ready_thread
                0x0000000000008594       0x78 zephyr/kernel/libkernel.a(sched.c.obj)
 .text.z_sched_start
                0x000000000000860c       0x3c zephyr/kernel/libkernel.a(sched.c.obj)
                0x000000000000860c                z_sched_start
 .text.unready_thread
                0x0000000000008648       0x38 zephyr/kernel/libkernel.a(sched.c.obj)
 .text.z_pend_curr
                0x0000000000008680       0x38 zephyr/kernel/libkernel.a(sched.c.obj)
                0x0000000000008680                z_pend_curr
 .text.z_set_prio
                0x00000000000086b8       0xbc zephyr/kernel/libkernel.a(sched.c.obj)
                0x00000000000086b8                z_set_prio
 .text.z_impl_k_thread_suspend
                0x0000000000008774       0x74 zephyr/kernel/libkernel.a(sched.c.obj)
                0x0000000000008774                z_impl_k_thread_suspend
 .text.k_sched_unlock
                0x00000000000087e8       0x40 zephyr/kernel/libkernel.a(sched.c.obj)
                0x00000000000087e8                k_sched_unlock
 .text.end_thread
                0x0000000000008828       0x64 zephyr/kernel/libkernel.a(sched.c.obj)
 .text.z_sched_init
                0x000000000000888c       0x10 zephyr/kernel/libkernel.a(sched.c.obj)
                0x000000000000888c                z_sched_init
 .text.z_impl_k_yield
                0x000000000000889c       0x8c zephyr/kernel/libkernel.a(sched.c.obj)
                0x000000000000889c                z_impl_k_yield
 .text.z_tick_sleep
                0x0000000000008928       0x98 zephyr/kernel/libkernel.a(sched.c.obj)
 .text.z_impl_k_sleep
                0x00000000000089c0       0x54 zephyr/kernel/libkernel.a(sched.c.obj)
                0x00000000000089c0                z_impl_k_sleep
 .text.z_impl_z_current_get
                0x0000000000008a14        0xc zephyr/kernel/libkernel.a(sched.c.obj)
                0x0000000000008a14                z_impl_z_current_get
 .text.z_thread_abort
                0x0000000000008a20       0x70 zephyr/kernel/libkernel.a(sched.c.obj)
                0x0000000000008a20                z_thread_abort
 .text.z_sched_wait
                0x0000000000008a90       0x28 zephyr/kernel/libkernel.a(sched.c.obj)
                0x0000000000008a90                z_sched_wait
 .text.z_data_copy
                0x0000000000008ab8       0x34 zephyr/kernel/libkernel.a(xip.c.obj)
                0x0000000000008ab8                z_data_copy
 .text.first    0x0000000000008aec       0x14 zephyr/kernel/libkernel.a(timeout.c.obj)
 .text.next     0x0000000000008b00       0x18 zephyr/kernel/libkernel.a(timeout.c.obj)
 .text.elapsed  0x0000000000008b18       0x18 zephyr/kernel/libkernel.a(timeout.c.obj)
 .text.z_add_timeout
                0x0000000000008b30      0x100 zephyr/kernel/libkernel.a(timeout.c.obj)
                0x0000000000008b30                z_add_timeout
 .text.sys_clock_announce
                0x0000000000008c30       0xc8 zephyr/kernel/libkernel.a(timeout.c.obj)
                0x0000000000008c30                sys_clock_announce
 .text.sys_clock_tick_get
                0x0000000000008cf8       0x40 zephyr/kernel/libkernel.a(timeout.c.obj)
                0x0000000000008cf8                sys_clock_tick_get
 .text.z_timer_expiration_handler
                0x0000000000008d38      0x100 zephyr/kernel/libkernel.a(timer.c.obj)
                0x0000000000008d38                z_timer_expiration_handler
 .text.z_impl_k_timer_start
                0x0000000000008e38       0x60 zephyr/kernel/libkernel.a(timer.c.obj)
                0x0000000000008e38                z_impl_k_timer_start
 .text.boot_banner
                0x0000000000008e98       0x10 zephyr/kernel/libkernel.a(banner.c.obj)
                0x0000000000008e98                boot_banner
 .text.k_sys_work_q_init
                0x0000000000008ea8       0x34 zephyr/kernel/libkernel.a(system_work_q.c.obj)
 .text.z_impl_gpio_pin_configure
                0x0000000000008edc       0x50 app/libapp.a(main.c.obj)
 .text.gpio_pin_configure_dt
                0x0000000000008f2c       0x16 app/libapp.a(main.c.obj)
 .text.gpio_pin_toggle_dt
                0x0000000000008f42       0x14 app/libapp.a(main.c.obj)
 .text.sensor_sample_fetch
                0x0000000000008f56        0xc app/libapp.a(main.c.obj)
 .text.k_msleep
                0x0000000000008f62       0x2c app/libapp.a(main.c.obj)
 .text.cbprintf_via_va_list
                0x0000000000008f8e        0xe zephyr/libzephyr.a(cbprintf_packaged.c.obj)
 .text.is_fmt_spec
                0x0000000000008f9c        0xe zephyr/libzephyr.a(cbprintf_packaged.c.obj)
 .text.get_package_len
                0x0000000000008faa       0x2a zephyr/libzephyr.a(cbprintf_packaged.c.obj)
 .text.append_string
                0x0000000000008fd4       0x2e zephyr/libzephyr.a(cbprintf_packaged.c.obj)
 .text.cbpprintf_external
                0x0000000000009002       0x60 zephyr/libzephyr.a(cbprintf_packaged.c.obj)
                0x0000000000009002                cbpprintf_external
 .text.is_ptr   0x0000000000009062       0x4e zephyr/libzephyr.a(cbprintf_packaged.c.obj)
                0x0000000000009062                is_ptr
 .text.arch_printk_char_out
                0x00000000000090b0        0x4 zephyr/libzephyr.a(printk.c.obj)
                0x00000000000090b0                arch_printk_char_out
 .text.str_out  0x00000000000090b4       0x30 zephyr/libzephyr.a(printk.c.obj)
 .text.vprintk  0x00000000000090e4        0x8 zephyr/libzephyr.a(printk.c.obj)
                0x00000000000090e4                vprintk
 .text.printk   0x00000000000090ec       0x1c zephyr/libzephyr.a(printk.c.obj)
                0x00000000000090ec                printk
 .text.snprintk
                0x0000000000009108       0x1c zephyr/libzephyr.a(printk.c.obj)
                0x0000000000009108                snprintk
 .text.z_thread_entry
                0x0000000000009124       0x14 zephyr/libzephyr.a(thread_entry.c.obj)
                0x0000000000009124                z_thread_entry
 .text.set_state
                0x0000000000009138       0x10 zephyr/libzephyr.a(onoff.c.obj)
 .text.notify_monitors
                0x0000000000009148       0x44 zephyr/libzephyr.a(onoff.c.obj)
 .text.process_recheck
                0x000000000000918c       0x32 zephyr/libzephyr.a(onoff.c.obj)
 .text.process_complete
                0x00000000000091be       0xa2 zephyr/libzephyr.a(onoff.c.obj)
 .text.validate_args
                0x0000000000009260       0x2a zephyr/libzephyr.a(onoff.c.obj)
 .text.notify_one
                0x000000000000928a       0x26 zephyr/libzephyr.a(onoff.c.obj)
 .text.notify_all
                0x00000000000092b0       0x2e zephyr/libzephyr.a(onoff.c.obj)
 .text.transition_complete
                0x00000000000092de       0x1c zephyr/libzephyr.a(onoff.c.obj)
 .text.onoff_manager_init
                0x00000000000092fa       0x3a zephyr/libzephyr.a(onoff.c.obj)
                0x00000000000092fa                onoff_manager_init
 .text.onoff_request
                0x0000000000009334       0xc2 zephyr/libzephyr.a(onoff.c.obj)
                0x0000000000009334                onoff_request
 .text.onoff_release
                0x00000000000093f6       0x4e zephyr/libzephyr.a(onoff.c.obj)
                0x00000000000093f6                onoff_release
 .text.sys_notify_validate
                0x0000000000009444       0x2e zephyr/libzephyr.a(notify.c.obj)
                0x0000000000009444                sys_notify_validate
 .text.sys_notify_finalize
                0x0000000000009472       0x1a zephyr/libzephyr.a(notify.c.obj)
                0x0000000000009472                sys_notify_finalize
 .text.extract_decimal
                0x000000000000948c       0x26 zephyr/libzephyr.a(cbprintf_complete.c.obj)
 .text.extract_width
                0x00000000000094b2       0x5e zephyr/libzephyr.a(cbprintf_complete.c.obj)
 .text.extract_prec
                0x0000000000009510       0x64 zephyr/libzephyr.a(cbprintf_complete.c.obj)
 .text.extract_length
                0x0000000000009574       0xce zephyr/libzephyr.a(cbprintf_complete.c.obj)
 .text.extract_specifier
                0x0000000000009642      0x17a zephyr/libzephyr.a(cbprintf_complete.c.obj)
 .text.extract_conversion
                0x00000000000097bc       0x44 zephyr/libzephyr.a(cbprintf_complete.c.obj)
 .text._ldiv5   0x0000000000009800       0x38 zephyr/libzephyr.a(cbprintf_complete.c.obj)
 .text._ldiv10  0x0000000000009838       0x18 zephyr/libzephyr.a(cbprintf_complete.c.obj)
 .text._get_digit
                0x0000000000009850       0x3c zephyr/libzephyr.a(cbprintf_complete.c.obj)
 .text.conversion_radix
                0x000000000000988c       0x2a zephyr/libzephyr.a(cbprintf_complete.c.obj)
 .text.encode_uint
                0x00000000000098b6       0xa0 zephyr/libzephyr.a(cbprintf_complete.c.obj)
 .text.store_count
                0x0000000000009956       0x3e zephyr/libzephyr.a(cbprintf_complete.c.obj)
 .text.outs     0x0000000000009994       0x34 zephyr/libzephyr.a(cbprintf_complete.c.obj)
 .text.free_space
                0x00000000000099c8       0x28 zephyr/libzephyr.a(mpsc_pbuf.c.obj)
 .text.available
                0x00000000000099f0       0x24 zephyr/libzephyr.a(mpsc_pbuf.c.obj)
 .text.get_usage
                0x0000000000009a14       0x24 zephyr/libzephyr.a(mpsc_pbuf.c.obj)
 .text.max_utilization_update
                0x0000000000009a38       0x26 zephyr/libzephyr.a(mpsc_pbuf.c.obj)
 .text.rd_idx_inc
                0x0000000000009a5e       0x26 zephyr/libzephyr.a(mpsc_pbuf.c.obj)
 .text.add_skip_item
                0x0000000000009a84       0x66 zephyr/libzephyr.a(mpsc_pbuf.c.obj)
 .text.drop_item_locked
                0x0000000000009aea      0x12a zephyr/libzephyr.a(mpsc_pbuf.c.obj)
 .text.post_drop_action
                0x0000000000009c14       0x62 zephyr/libzephyr.a(mpsc_pbuf.c.obj)
 .text.mpsc_pbuf_init
                0x0000000000009c76       0x42 zephyr/libzephyr.a(mpsc_pbuf.c.obj)
                0x0000000000009c76                mpsc_pbuf_init
 .text.mpsc_pbuf_alloc
                0x0000000000009cb8      0x134 zephyr/libzephyr.a(mpsc_pbuf.c.obj)
                0x0000000000009cb8                mpsc_pbuf_alloc
 .text.mpsc_pbuf_commit
                0x0000000000009dec       0x52 zephyr/libzephyr.a(mpsc_pbuf.c.obj)
                0x0000000000009dec                mpsc_pbuf_commit
 .text.mpsc_pbuf_claim
                0x0000000000009e3e       0xd2 zephyr/libzephyr.a(mpsc_pbuf.c.obj)
                0x0000000000009e3e                mpsc_pbuf_claim
 .text.mpsc_pbuf_free
                0x0000000000009f10       0x8a zephyr/libzephyr.a(mpsc_pbuf.c.obj)
                0x0000000000009f10                mpsc_pbuf_free
 .text.mpsc_pbuf_is_pending
                0x0000000000009f9a       0x18 zephyr/libzephyr.a(mpsc_pbuf.c.obj)
                0x0000000000009f9a                mpsc_pbuf_is_pending
 .text._ConfigAbsSyms
                0x0000000000009fb2        0x2 zephyr/libzephyr.a(configs.c.obj)
                0x0000000000009fb2                _ConfigAbsSyms
 .text.log_msg_generic_get_wlen
                0x0000000000009fb4       0x20 zephyr/libzephyr.a(log_core.c.obj)
 .text.dummy_timestamp
                0x0000000000009fd4        0x4 zephyr/libzephyr.a(log_core.c.obj)
 .text.msg_filter_check
                0x0000000000009fd8        0x4 zephyr/libzephyr.a(log_core.c.obj)
 .text.default_get_timestamp
                0x0000000000009fdc        0x8 zephyr/libzephyr.a(log_core.c.obj)
 .text.k_msleep
                0x0000000000009fe4       0x2c zephyr/libzephyr.a(log_core.c.obj)
 .text.msg_alloc
                0x000000000000a010        0xc zephyr/libzephyr.a(log_core.c.obj)
 .text.msg_free
                0x000000000000a01c        0x8 zephyr/libzephyr.a(log_core.c.obj)
 .text.msg_pending
                0x000000000000a024        0x8 zephyr/libzephyr.a(log_core.c.obj)
 .text.z_log_vprintk
                0x000000000000a02c       0x1e zephyr/libzephyr.a(log_core.c.obj)
                0x000000000000a02c                z_log_vprintk
 .text.z_log_notify_drop
                0x000000000000a04a        0xa zephyr/libzephyr.a(log_core.c.obj)
 .text.z_log_msg_claim
                0x000000000000a054        0x8 zephyr/libzephyr.a(log_core.c.obj)
                0x000000000000a054                z_log_msg_claim
 .text.msg_commit
                0x000000000000a05c        0xc zephyr/libzephyr.a(log_core.c.obj)
 .text.z_log_get_tag
                0x000000000000a068        0x4 zephyr/libzephyr.a(log_core.c.obj)
                0x000000000000a068                z_log_get_tag
 .text.z_cbprintf_cpy
                0x000000000000a06c       0x2c zephyr/libzephyr.a(log_msg.c.obj)
 .text.z_log_msg_finalize
                0x000000000000a098       0x2e zephyr/libzephyr.a(log_msg.c.obj)
                0x000000000000a098                z_log_msg_finalize
 .text.z_log_msg_static_create
                0x000000000000a0c6        0x8 zephyr/libzephyr.a(log_msg.c.obj)
 .text.z_impl_z_log_msg_runtime_vcreate
                0x000000000000a0ce       0x84 zephyr/libzephyr.a(log_msg.c.obj)
                0x000000000000a0ce                z_impl_z_log_msg_runtime_vcreate
 .text.buffer_write
                0x000000000000a152       0x1a zephyr/libzephyr.a(log_output.c.obj)
 .text.cbvprintf
                0x000000000000a16c       0x10 zephyr/libzephyr.a(log_output.c.obj)
 .text.color_prefix
                0x000000000000a17c        0xc zephyr/libzephyr.a(log_output.c.obj)
 .text.color_postfix
                0x000000000000a188        0xc zephyr/libzephyr.a(log_output.c.obj)
 .text.postfix_print
                0x000000000000a194       0x18 zephyr/libzephyr.a(log_output.c.obj)
 .text.log_msg_hexdump
                0x000000000000a1ac       0x36 zephyr/libzephyr.a(log_output.c.obj)
 .text.log_output_flush
                0x000000000000a1e2       0x1a zephyr/libzephyr.a(log_output.c.obj)
                0x000000000000a1e2                log_output_flush
 .text.out_func
                0x000000000000a1fc       0x38 zephyr/libzephyr.a(log_output.c.obj)
 .text.cr_out_func
                0x000000000000a234       0x1e zephyr/libzephyr.a(log_output.c.obj)
 .text.k_msleep
                0x000000000000a252       0x2c zephyr/libzephyr.a(log_backend_rtt.c.obj)
 .text.log_backend_uart_init
                0x000000000000a27e        0x2 zephyr/libzephyr.a(log_backend_uart.c.obj)
 .text.atomic_test_and_clear_bit
                0x000000000000a280       0x38 zephyr/libzephyr.a(pm.c.obj)
 .text.atomic_set_bit
                0x000000000000a2b8       0x26 zephyr/libzephyr.a(pm.c.obj)
 .text.pm_policy_state_lock_is_active
                0x000000000000a2de        0x4 zephyr/libzephyr.a(policy.c.obj)
                0x000000000000a2de                pm_policy_state_lock_is_active
 .text.z_arm_fatal_error
                0x000000000000a2e2       0x18 zephyr/arch/arch/arm/core/aarch32/libarch__arm__core__aarch32.a(fatal.c.obj)
                0x000000000000a2e2                z_arm_fatal_error
 .text.z_do_kernel_oops
                0x000000000000a2fa        0xc zephyr/arch/arch/arm/core/aarch32/libarch__arm__core__aarch32.a(fatal.c.obj)
                0x000000000000a2fa                z_do_kernel_oops
 .text.arch_irq_enable
                0x000000000000a306        0xa zephyr/arch/arch/arm/core/aarch32/libarch__arm__core__aarch32.a(irq_manage.c.obj)
                0x000000000000a306                arch_irq_enable
 .text.z_arm_irq_priority_set
                0x000000000000a310        0xc zephyr/arch/arch/arm/core/aarch32/libarch__arm__core__aarch32.a(irq_manage.c.obj)
                0x000000000000a310                z_arm_irq_priority_set
 .text.z_irq_spurious
                0x000000000000a31c        0xc zephyr/arch/arch/arm/core/aarch32/libarch__arm__core__aarch32.a(irq_manage.c.obj)
                0x000000000000a31c                z_irq_spurious
 .text.z_arm_nmi
                0x000000000000a328        0xc zephyr/arch/arch/arm/core/aarch32/libarch__arm__core__aarch32.a(nmi.c.obj)
                0x000000000000a328                z_arm_nmi
 .text.memory_fault_recoverable
                0x000000000000a334        0x4 zephyr/arch/arch/arm/core/aarch32/cortex_m/libarch__arm__core__aarch32__cortex_m.a(fault.c.obj)
 .text.fault_handle
                0x000000000000a338       0x4a zephyr/arch/arch/arm/core/aarch32/cortex_m/libarch__arm__core__aarch32__cortex_m.a(fault.c.obj)
 .text.mpu_partition_is_valid
                0x000000000000a382       0x22 zephyr/arch/arch/arm/core/aarch32/mpu/libarch__arm__core__aarch32__mpu.a(arm_mpu.c.obj)
 .text.mpu_configure_region
                0x000000000000a3a4       0x3e zephyr/arch/arch/arm/core/aarch32/mpu/libarch__arm__core__aarch32__mpu.a(arm_mpu.c.obj)
 .text.arm_core_mpu_configure_static_mpu_regions
                0x000000000000a3e2        0x8 zephyr/arch/arch/arm/core/aarch32/mpu/libarch__arm__core__aarch32__mpu.a(arm_mpu.c.obj)
                0x000000000000a3e2                arm_core_mpu_configure_static_mpu_regions
 .text.arm_core_mpu_configure_dynamic_mpu_regions
                0x000000000000a3ea        0x8 zephyr/arch/arch/arm/core/aarch32/mpu/libarch__arm__core__aarch32__mpu.a(arm_mpu.c.obj)
                0x000000000000a3ea                arm_core_mpu_configure_dynamic_mpu_regions
 .text.strcpy   0x000000000000a3f2       0x14 zephyr/lib/libc/minimal/liblib__libc__minimal.a(string.c.obj)
                0x000000000000a3f2                strcpy
 .text.strncpy  0x000000000000a406       0x34 zephyr/lib/libc/minimal/liblib__libc__minimal.a(string.c.obj)
                0x000000000000a406                strncpy
 .text.strlen   0x000000000000a43a       0x12 zephyr/lib/libc/minimal/liblib__libc__minimal.a(string.c.obj)
                0x000000000000a43a                strlen
 .text.strnlen  0x000000000000a44c       0x14 zephyr/lib/libc/minimal/liblib__libc__minimal.a(string.c.obj)
                0x000000000000a44c                strnlen
 .text.strcmp   0x000000000000a460       0x16 zephyr/lib/libc/minimal/liblib__libc__minimal.a(string.c.obj)
                0x000000000000a460                strcmp
 .text.memcpy   0x000000000000a476       0x5e zephyr/lib/libc/minimal/liblib__libc__minimal.a(string.c.obj)
                0x000000000000a476                memcpy
 .text.memset   0x000000000000a4d4       0x3c zephyr/lib/libc/minimal/liblib__libc__minimal.a(string.c.obj)
                0x000000000000a4d4                memset
 .text._stdout_hook_default
                0x000000000000a510        0x6 zephyr/lib/libc/minimal/liblib__libc__minimal.a(stdout_console.c.obj)
 .text.fputc    0x000000000000a516        0x8 zephyr/lib/libc/minimal/liblib__libc__minimal.a(stdout_console.c.obj)
                0x000000000000a516                fputc
 .text.sys_arch_reboot
                0x000000000000a51e       0x10 zephyr/soc/arm/nordic_nrf/nrf52/libsoc__arm__nordic_nrf__nrf52.a(soc.c.obj)
                0x000000000000a51e                sys_arch_reboot
 .text.nrf_power_system_off
                0x000000000000a52e        0xe zephyr/soc/arm/nordic_nrf/nrf52/libsoc__arm__nordic_nrf__nrf52.a(power.c.obj)
 .text.pm_state_set
                0x000000000000a53c       0x10 zephyr/soc/arm/nordic_nrf/nrf52/libsoc__arm__nordic_nrf__nrf52.a(power.c.obj)
                0x000000000000a53c                pm_state_set
 .text.pm_state_exit_post_ops
                0x000000000000a54c        0xc zephyr/soc/arm/nordic_nrf/nrf52/libsoc__arm__nordic_nrf__nrf52.a(power.c.obj)
                0x000000000000a54c                pm_state_exit_post_ops
 .text.nrf_clock_is_running
                0x000000000000a558       0x46 zephyr/drivers/clock_control/libdrivers__clock_control.a(clock_control_nrf.c.obj)
 .text.get_sub_data
                0x000000000000a59e        0xe zephyr/drivers/clock_control/libdrivers__clock_control.a(clock_control_nrf.c.obj)
 .text.get_sub_config
                0x000000000000a5ac        0xc zephyr/drivers/clock_control/libdrivers__clock_control.a(clock_control_nrf.c.obj)
 .text.get_onoff_manager
                0x000000000000a5b8        0xc zephyr/drivers/clock_control/libdrivers__clock_control.a(clock_control_nrf.c.obj)
 .text.get_status
                0x000000000000a5c4       0x10 zephyr/drivers/clock_control/libdrivers__clock_control.a(clock_control_nrf.c.obj)
 .text.set_off_state
                0x000000000000a5d4       0x32 zephyr/drivers/clock_control/libdrivers__clock_control.a(clock_control_nrf.c.obj)
 .text.set_starting_state
                0x000000000000a606       0x3c zephyr/drivers/clock_control/libdrivers__clock_control.a(clock_control_nrf.c.obj)
 .text.set_on_state
                0x000000000000a642       0x26 zephyr/drivers/clock_control/libdrivers__clock_control.a(clock_control_nrf.c.obj)
 .text.clkstarted_handle
                0x000000000000a668       0x24 zephyr/drivers/clock_control/libdrivers__clock_control.a(clock_control_nrf.c.obj)
 .text.stop     0x000000000000a68c       0x2a zephyr/drivers/clock_control/libdrivers__clock_control.a(clock_control_nrf.c.obj)
 .text.api_stop
                0x000000000000a6b6        0xa zephyr/drivers/clock_control/libdrivers__clock_control.a(clock_control_nrf.c.obj)
 .text.async_start
                0x000000000000a6c0       0x38 zephyr/drivers/clock_control/libdrivers__clock_control.a(clock_control_nrf.c.obj)
 .text.api_start
                0x000000000000a6f8       0x10 zephyr/drivers/clock_control/libdrivers__clock_control.a(clock_control_nrf.c.obj)
 .text.onoff_started_callback
                0x000000000000a708       0x10 zephyr/drivers/clock_control/libdrivers__clock_control.a(clock_control_nrf.c.obj)
 .text.hfclk_start
                0x000000000000a718        0xa zephyr/drivers/clock_control/libdrivers__clock_control.a(clock_control_nrf.c.obj)
 .text.lfclk_start
                0x000000000000a722        0xa zephyr/drivers/clock_control/libdrivers__clock_control.a(clock_control_nrf.c.obj)
 .text.hfclk_stop
                0x000000000000a72c        0xa zephyr/drivers/clock_control/libdrivers__clock_control.a(clock_control_nrf.c.obj)
 .text.lfclk_stop
                0x000000000000a736        0xa zephyr/drivers/clock_control/libdrivers__clock_control.a(clock_control_nrf.c.obj)
 .text.k_msleep
                0x000000000000a740       0x2c zephyr/drivers/clock_control/libdrivers__clock_control.a(clock_control_nrf.c.obj)
 .text.blocking_start_callback
                0x000000000000a76c        0xa zephyr/drivers/clock_control/libdrivers__clock_control.a(clock_control_nrf.c.obj)
 .text.sys_slist_remove
                0x000000000000a776       0x26 zephyr/drivers/gpio/libdrivers__gpio.a(gpio_nrfx.c.obj)
 .text.sys_slist_find_and_remove
                0x000000000000a79c       0x20 zephyr/drivers/gpio/libdrivers__gpio.a(gpio_nrfx.c.obj)
 .text.gpio_manage_callback
                0x000000000000a7bc       0x3e zephyr/drivers/gpio/libdrivers__gpio.a(gpio_nrfx.c.obj)
 .text.gpio_fire_callbacks
                0x000000000000a7fa       0x40 zephyr/drivers/gpio/libdrivers__gpio.a(gpio_nrfx.c.obj)
 .text.get_drive
                0x000000000000a83a       0x86 zephyr/drivers/gpio/libdrivers__gpio.a(gpio_nrfx.c.obj)
 .text.get_pull
                0x000000000000a8c0       0x18 zephyr/drivers/gpio/libdrivers__gpio.a(gpio_nrfx.c.obj)
 .text.gpio_nrfx_port_get_raw
                0x000000000000a8d8        0xe zephyr/drivers/gpio/libdrivers__gpio.a(gpio_nrfx.c.obj)
 .text.gpio_nrfx_port_set_masked_raw
                0x000000000000a8e6       0x18 zephyr/drivers/gpio/libdrivers__gpio.a(gpio_nrfx.c.obj)
 .text.gpio_nrfx_port_set_bits_raw
                0x000000000000a8fe        0xc zephyr/drivers/gpio/libdrivers__gpio.a(gpio_nrfx.c.obj)
 .text.gpio_nrfx_port_clear_bits_raw
                0x000000000000a90a        0xc zephyr/drivers/gpio/libdrivers__gpio.a(gpio_nrfx.c.obj)
 .text.gpio_nrfx_port_toggle_bits
                0x000000000000a916       0x1a zephyr/drivers/gpio/libdrivers__gpio.a(gpio_nrfx.c.obj)
 .text.get_trigger
                0x000000000000a930       0x2c zephyr/drivers/gpio/libdrivers__gpio.a(gpio_nrfx.c.obj)
 .text.gpio_nrfx_manage_callback
                0x000000000000a95c        0xc zephyr/drivers/gpio/libdrivers__gpio.a(gpio_nrfx.c.obj)
 .text.nrfx_gpio_handler
                0x000000000000a968       0x1e zephyr/drivers/gpio/libdrivers__gpio.a(gpio_nrfx.c.obj)
 .text.pinctrl_apply_state
                0x000000000000a986       0x20 zephyr/drivers/i2c/libdrivers__i2c.a(i2c_nrfx_twi.c.obj)
 .text.twi_0_init
                0x000000000000a9a6       0x24 zephyr/drivers/i2c/libdrivers__i2c.a(i2c_nrfx_twi.c.obj)
 .text.pinctrl_lookup_state
                0x000000000000a9ca       0x32 zephyr/drivers/pinctrl/libdrivers__pinctrl.a(common.c.obj)
                0x000000000000a9ca                pinctrl_lookup_state
 .text.bme680_calc_temp
                0x000000000000a9fc       0x76 zephyr/drivers/sensor/bme680/libdrivers__sensor__bme680.a(bme680.c.obj)
 .text.bme680_calc_press
                0x000000000000aa72       0xcc zephyr/drivers/sensor/bme680/libdrivers__sensor__bme680.a(bme680.c.obj)
 .text.bme680_calc_gas_wait
                0x000000000000ab3e       0x24 zephyr/drivers/sensor/bme680/libdrivers__sensor__bme680.a(bme680.c.obj)
 .text.bme680_sample_fetch
                0x000000000000ab62       0xc8 zephyr/drivers/sensor/bme680/libdrivers__sensor__bme680.a(bme680.c.obj)
 .text.bme680_read_compensation
                0x000000000000ac2a      0x15a zephyr/drivers/sensor/bme680/libdrivers__sensor__bme680.a(bme680.c.obj)
 .text.i2c_write
                0x000000000000ad84       0x1c zephyr/drivers/sensor/bme680/libdrivers__sensor__bme680.a(bme680_i2c.c.obj)
 .text.i2c_write_read
                0x000000000000ada0       0x2c zephyr/drivers/sensor/bme680/libdrivers__sensor__bme680.a(bme680_i2c.c.obj)
 .text.i2c_burst_read_dt
                0x000000000000adcc       0x20 zephyr/drivers/sensor/bme680/libdrivers__sensor__bme680.a(bme680_i2c.c.obj)
 .text.i2c_reg_write_byte_dt
                0x000000000000adec       0x1e zephyr/drivers/sensor/bme680/libdrivers__sensor__bme680.a(bme680_i2c.c.obj)
 .text.bme680_reg_read_i2c
                0x000000000000ae0a        0xa zephyr/drivers/sensor/bme680/libdrivers__sensor__bme680.a(bme680_i2c.c.obj)
 .text.bme680_reg_write_i2c
                0x000000000000ae14        0xa zephyr/drivers/sensor/bme680/libdrivers__sensor__bme680.a(bme680_i2c.c.obj)
 .text.bme680_bus_check_i2c
                0x000000000000ae1e       0x14 zephyr/drivers/sensor/bme680/libdrivers__sensor__bme680.a(bme680_i2c.c.obj)
 .text.i2c_write
                0x000000000000ae32       0x1c zephyr/drivers/sensor/lis3mdl/libdrivers__sensor__lis3mdl.a(lis3mdl.c.obj)
 .text.i2c_write_read
                0x000000000000ae4e       0x2c zephyr/drivers/sensor/lis3mdl/libdrivers__sensor__lis3mdl.a(lis3mdl.c.obj)
 .text.i2c_burst_read_dt
                0x000000000000ae7a       0x20 zephyr/drivers/sensor/lis3mdl/libdrivers__sensor__lis3mdl.a(lis3mdl.c.obj)
 .text.i2c_reg_read_byte_dt
                0x000000000000ae9a       0x20 zephyr/drivers/sensor/lis3mdl/libdrivers__sensor__lis3mdl.a(lis3mdl.c.obj)
 .text.lis3mdl_convert
                0x000000000000aeba       0x66 zephyr/drivers/sensor/lis3mdl/libdrivers__sensor__lis3mdl.a(lis3mdl.c.obj)
 .text.lis3mdl_channel_get
                0x000000000000af20       0x9e zephyr/drivers/sensor/lis3mdl/libdrivers__sensor__lis3mdl.a(lis3mdl.c.obj)
 .text.lis3mdl_sample_fetch
                0x000000000000afbe       0x54 zephyr/drivers/sensor/lis3mdl/libdrivers__sensor__lis3mdl.a(lis3mdl.c.obj)
                0x000000000000afbe                lis3mdl_sample_fetch
 .text.i2c_write_read
                0x000000000000b012       0x2c zephyr/drivers/sensor/lis3mdl/libdrivers__sensor__lis3mdl.a(lis3mdl_trigger.c.obj)
 .text.i2c_burst_read_dt
                0x000000000000b03e       0x20 zephyr/drivers/sensor/lis3mdl/libdrivers__sensor__lis3mdl.a(lis3mdl_trigger.c.obj)
 .text.z_impl_gpio_pin_interrupt_configure
                0x000000000000b05e       0x28 zephyr/drivers/sensor/lis3mdl/libdrivers__sensor__lis3mdl.a(lis3mdl_trigger.c.obj)
 .text.gpio_pin_interrupt_configure_dt
                0x000000000000b086       0x10 zephyr/drivers/sensor/lis3mdl/libdrivers__sensor__lis3mdl.a(lis3mdl_trigger.c.obj)
 .text.z_impl_gpio_pin_configure
                0x000000000000b096       0x50 zephyr/drivers/sensor/lis3mdl/libdrivers__sensor__lis3mdl.a(lis3mdl_trigger.c.obj)
 .text.gpio_pin_configure_dt
                0x000000000000b0e6       0x16 zephyr/drivers/sensor/lis3mdl/libdrivers__sensor__lis3mdl.a(lis3mdl_trigger.c.obj)
 .text.gpio_add_callback
                0x000000000000b0fc       0x14 zephyr/drivers/sensor/lis3mdl/libdrivers__sensor__lis3mdl.a(lis3mdl_trigger.c.obj)
 .text.lis3mdl_thread_cb
                0x000000000000b110       0x1c zephyr/drivers/sensor/lis3mdl/libdrivers__sensor__lis3mdl.a(lis3mdl_trigger.c.obj)
 .text.lis3mdl_work_cb
                0x000000000000b12c        0xc zephyr/drivers/sensor/lis3mdl/libdrivers__sensor__lis3mdl.a(lis3mdl_trigger.c.obj)
 .text.lis3mdl_gpio_callback
                0x000000000000b138       0x1e zephyr/drivers/sensor/lis3mdl/libdrivers__sensor__lis3mdl.a(lis3mdl_trigger.c.obj)
 .text.lis3mdl_trigger_set
                0x000000000000b156       0x50 zephyr/drivers/sensor/lis3mdl/libdrivers__sensor__lis3mdl.a(lis3mdl_trigger.c.obj)
                0x000000000000b156                lis3mdl_trigger_set
 .text.endtx_isr
                0x000000000000b1a6       0x32 zephyr/drivers/serial/libdrivers__serial.a(uart_nrfx_uarte.c.obj)
 .text.uarte_nrfx_isr_int
                0x000000000000b1d8       0x52 zephyr/drivers/serial/libdrivers__serial.a(uart_nrfx_uarte.c.obj)
 .text.uarte_nrfx_configure
                0x000000000000b22a       0xc4 zephyr/drivers/serial/libdrivers__serial.a(uart_nrfx_uarte.c.obj)
 .text.uarte_nrfx_config_get
                0x000000000000b2ee       0x12 zephyr/drivers/serial/libdrivers__serial.a(uart_nrfx_uarte.c.obj)
 .text.uarte_nrfx_err_check
                0x000000000000b300        0xe zephyr/drivers/serial/libdrivers__serial.a(uart_nrfx_uarte.c.obj)
 .text.is_tx_ready
                0x000000000000b30e       0x28 zephyr/drivers/serial/libdrivers__serial.a(uart_nrfx_uarte.c.obj)
 .text.uarte_enable
                0x000000000000b336        0xc zephyr/drivers/serial/libdrivers__serial.a(uart_nrfx_uarte.c.obj)
 .text.tx_start
                0x000000000000b342       0x3e zephyr/drivers/serial/libdrivers__serial.a(uart_nrfx_uarte.c.obj)
 .text.uarte_nrfx_poll_in
                0x000000000000b380       0x2c zephyr/drivers/serial/libdrivers__serial.a(uart_nrfx_uarte.c.obj)
 .text.k_msleep
                0x000000000000b3ac       0x2c zephyr/drivers/serial/libdrivers__serial.a(uart_nrfx_uarte.c.obj)
 .text.wait_tx_ready
                0x000000000000b3d8       0x4c zephyr/drivers/serial/libdrivers__serial.a(uart_nrfx_uarte.c.obj)
 .text.pinctrl_apply_state
                0x000000000000b424       0x20 zephyr/drivers/serial/libdrivers__serial.a(uart_nrfx_uarte.c.obj)
 .text.uarte_instance_init
                0x000000000000b444       0xa4 zephyr/drivers/serial/libdrivers__serial.a(uart_nrfx_uarte.c.obj)
 .text.uarte_0_init
                0x000000000000b4e8       0x1e zephyr/drivers/serial/libdrivers__serial.a(uart_nrfx_uarte.c.obj)
 .text.sys_clock_idle_exit
                0x000000000000b506        0x2 zephyr/drivers/timer/libdrivers__timer.a(sys_clock_init.c.obj)
                0x000000000000b506                sys_clock_idle_exit
 .text.counter_sub
                0x000000000000b508        0x8 zephyr/drivers/timer/libdrivers__timer.a(nrf_rtc_timer.c.obj)
 .text.event_check
                0x000000000000b510       0x1a zephyr/drivers/timer/libdrivers__timer.a(nrf_rtc_timer.c.obj)
 .text.event_clear
                0x000000000000b52a       0x18 zephyr/drivers/timer/libdrivers__timer.a(nrf_rtc_timer.c.obj)
 .text.absolute_time_to_cc
                0x000000000000b542        0x6 zephyr/drivers/timer/libdrivers__timer.a(nrf_rtc_timer.c.obj)
 .text.full_int_lock
                0x000000000000b548       0x12 zephyr/drivers/timer/libdrivers__timer.a(nrf_rtc_timer.c.obj)
 .text.full_int_unlock
                0x000000000000b55a        0xa zephyr/drivers/timer/libdrivers__timer.a(nrf_rtc_timer.c.obj)
 .text.compare_set
                0x000000000000b564       0x32 zephyr/drivers/timer/libdrivers__timer.a(nrf_rtc_timer.c.obj)
 .text.sys_clock_cycle_get_32
                0x000000000000b596        0x8 zephyr/drivers/timer/libdrivers__timer.a(nrf_rtc_timer.c.obj)
                0x000000000000b596                sys_clock_cycle_get_32
 .text.nrf52_errata_36
                0x000000000000b59e       0x14 modules/hal_nordic/nrfx/libmodules__hal_nordic__nrfx.a(system_nrf52833.c.obj)
 .text.nrf52_errata_66
                0x000000000000b5b2       0x14 modules/hal_nordic/nrfx/libmodules__hal_nordic__nrfx.a(system_nrf52833.c.obj)
 .text.nrf52_errata_136
                0x000000000000b5c6       0x14 modules/hal_nordic/nrfx/libmodules__hal_nordic__nrfx.a(system_nrf52833.c.obj)
 .text.nrf52_configuration_249
                0x000000000000b5da       0x1e modules/hal_nordic/nrfx/libmodules__hal_nordic__nrfx.a(system_nrf52833.c.obj)
 .text.nrf52_handle_approtect
                0x000000000000b5f8       0x1a modules/hal_nordic/nrfx/libmodules__hal_nordic__nrfx.a(system_nrf52833.c.obj)
 .text.nrfx_isr
                0x000000000000b612        0x6 modules/hal_nordic/nrfx/libmodules__hal_nordic__nrfx.a(nrfx_glue.c.obj)
                0x000000000000b612                nrfx_isr
 .text.nrfx_busy_wait
                0x000000000000b618        0x8 modules/hal_nordic/nrfx/libmodules__hal_nordic__nrfx.a(nrfx_glue.c.obj)
                0x000000000000b618                nrfx_busy_wait
 .text.nrf_clock_is_running
                0x000000000000b620       0x46 modules/hal_nordic/nrfx/libmodules__hal_nordic__nrfx.a(nrfx_clock.c.obj)
 .text.clock_initial_lfclksrc_get
                0x000000000000b666        0x4 modules/hal_nordic/nrfx/libmodules__hal_nordic__nrfx.a(nrfx_clock.c.obj)
 .text.nrfx_power_clock_irq_init
                0x000000000000b66a       0x12 modules/hal_nordic/nrfx/libmodules__hal_nordic__nrfx.a(nrfx_clock.c.obj)
 .text.clock_stop
                0x000000000000b67c       0x80 modules/hal_nordic/nrfx/libmodules__hal_nordic__nrfx.a(nrfx_clock.c.obj)
 .text.clock_lfclksrc_tweak
                0x000000000000b6fc       0x2c modules/hal_nordic/nrfx/libmodules__hal_nordic__nrfx.a(nrfx_clock.c.obj)
 .text.nrfx_clock_enable
                0x000000000000b728       0x14 modules/hal_nordic/nrfx/libmodules__hal_nordic__nrfx.a(nrfx_clock.c.obj)
                0x000000000000b728                nrfx_clock_enable
 .text.nrfx_clock_start
                0x000000000000b73c       0xa0 modules/hal_nordic/nrfx/libmodules__hal_nordic__nrfx.a(nrfx_clock.c.obj)
                0x000000000000b73c                nrfx_clock_start
 .text.nrfx_clock_stop
                0x000000000000b7dc        0x8 modules/hal_nordic/nrfx/libmodules__hal_nordic__nrfx.a(nrfx_clock.c.obj)
                0x000000000000b7dc                nrfx_clock_stop
 .text.nrf_gpiote_event_configure
                0x000000000000b7e4       0x32 modules/hal_nordic/nrfx/libmodules__hal_nordic__nrfx.a(nrfx_gpiote.c.obj)
 .text.nrf_gpiote_task_configure
                0x000000000000b816       0x3e modules/hal_nordic/nrfx/libmodules__hal_nordic__nrfx.a(nrfx_gpiote.c.obj)
 .text.nrf_gpio_cfg_sense_set
                0x000000000000b854       0x20 modules/hal_nordic/nrfx/libmodules__hal_nordic__nrfx.a(nrfx_gpiote.c.obj)
 .text.pin_is_task_output
                0x000000000000b874       0x1e modules/hal_nordic/nrfx/libmodules__hal_nordic__nrfx.a(nrfx_gpiote.c.obj)
 .text.pin_is_input
                0x000000000000b892        0xe modules/hal_nordic/nrfx/libmodules__hal_nordic__nrfx.a(nrfx_gpiote.c.obj)
 .text.gpiote_polarity_to_trigger
                0x000000000000b8a0        0x2 modules/hal_nordic/nrfx/libmodules__hal_nordic__nrfx.a(nrfx_gpiote.c.obj)
 .text.gpiote_trigger_to_polarity
                0x000000000000b8a2        0x2 modules/hal_nordic/nrfx/libmodules__hal_nordic__nrfx.a(nrfx_gpiote.c.obj)
 .text.is_level
                0x000000000000b8a4        0xa modules/hal_nordic/nrfx/libmodules__hal_nordic__nrfx.a(nrfx_gpiote.c.obj)
 .text.latch_pending_read_and_check
                0x000000000000b8ae       0x26 modules/hal_nordic/nrfx/libmodules__hal_nordic__nrfx.a(nrfx_gpiote.c.obj)
 .text.xfer_completeness_check
                0x000000000000b8d4       0x1c modules/hal_nordic/nrfx/libmodules__hal_nordic__nrfx.a(nrfx_twi.c.obj)
 .text.twi_send_byte
                0x000000000000b8f0       0x3c modules/hal_nordic/nrfx/libmodules__hal_nordic__nrfx.a(nrfx_twi.c.obj)
 .text.twi_receive_byte
                0x000000000000b92c       0x62 modules/hal_nordic/nrfx/libmodules__hal_nordic__nrfx.a(nrfx_twi.c.obj)
 .text.twi_transfer
                0x000000000000b98e       0xf8 modules/hal_nordic/nrfx/libmodules__hal_nordic__nrfx.a(nrfx_twi.c.obj)
 .text.twi_irq_handler
                0x000000000000ba86       0xd2 modules/hal_nordic/nrfx/libmodules__hal_nordic__nrfx.a(nrfx_twi.c.obj)
 .text.SEGGER_RTT_Init
                0x000000000000bb58        0x8 modules/segger/libmodules__segger.a(SEGGER_RTT.c.obj)
                0x000000000000bb58                SEGGER_RTT_Init
 .text.rtt_init
                0x000000000000bb60        0xa modules/segger/libmodules__segger.a(SEGGER_RTT_zephyr.c.obj)
 .text.z_device_is_ready
                0x000000000000bb6a       0x20 zephyr/kernel/libkernel.a(device.c.obj)
                0x000000000000bb6a                z_device_is_ready
 .text.z_early_memset
                0x000000000000bb8a        0x8 zephyr/kernel/libkernel.a(init.c.obj)
                0x000000000000bb8a                z_early_memset
 .text.z_early_memcpy
                0x000000000000bb92        0x8 zephyr/kernel/libkernel.a(init.c.obj)
                0x000000000000bb92                z_early_memcpy
 .text.setup_thread_stack
                0x000000000000bb9a       0x26 zephyr/kernel/libkernel.a(thread.c.obj)
 .text.k_is_in_isr
                0x000000000000bbc0        0xc zephyr/kernel/libkernel.a(thread.c.obj)
                0x000000000000bbc0                k_is_in_isr
 .text.k_thread_name_get
                0x000000000000bbcc        0x4 zephyr/kernel/libkernel.a(thread.c.obj)
                0x000000000000bbcc                k_thread_name_get
 .text.z_impl_k_thread_start
                0x000000000000bbd0        0x8 zephyr/kernel/libkernel.a(thread.c.obj)
                0x000000000000bbd0                z_impl_k_thread_start
 .text.z_init_thread_base
                0x000000000000bbd8       0x16 zephyr/kernel/libkernel.a(thread.c.obj)
                0x000000000000bbd8                z_init_thread_base
 .text.z_impl_k_thread_create
                0x000000000000bbee       0x44 zephyr/kernel/libkernel.a(thread.c.obj)
                0x000000000000bbee                z_impl_k_thread_create
 .text.z_pm_save_idle_exit
                0x000000000000bc32        0xc zephyr/kernel/libkernel.a(idle.c.obj)
                0x000000000000bc32                z_pm_save_idle_exit
 .text.new_prio_for_inheritance
                0x000000000000bc3e       0x16 zephyr/kernel/libkernel.a(mutex.c.obj)
 .text.adjust_owner_prio
                0x000000000000bc54       0x16 zephyr/kernel/libkernel.a(mutex.c.obj)
 .text.z_impl_k_mutex_init
                0x000000000000bc6a        0xe zephyr/kernel/libkernel.a(mutex.c.obj)
                0x000000000000bc6a                z_impl_k_mutex_init
 .text.z_impl_k_sem_init
                0x000000000000bc78       0x1e zephyr/kernel/libkernel.a(sem.c.obj)
                0x000000000000bc78                z_impl_k_sem_init
 .text.sys_slist_remove
                0x000000000000bc96       0x26 zephyr/kernel/libkernel.a(work.c.obj)
 .text.notify_queue_locked
                0x000000000000bcbc       0x14 zephyr/kernel/libkernel.a(work.c.obj)
 .text.submit_to_queue_locked
                0x000000000000bcd0       0x60 zephyr/kernel/libkernel.a(work.c.obj)
 .text.z_reschedule_unlocked
                0x000000000000bd30       0x18 zephyr/kernel/libkernel.a(work.c.obj)
 .text.z_work_submit_to_queue
                0x000000000000bd48       0x2a zephyr/kernel/libkernel.a(work.c.obj)
                0x000000000000bd48                z_work_submit_to_queue
 .text.k_work_submit_to_queue
                0x000000000000bd72       0x14 zephyr/kernel/libkernel.a(work.c.obj)
                0x000000000000bd72                k_work_submit_to_queue
 .text.thread_active_elsewhere
                0x000000000000bd86        0x4 zephyr/kernel/libkernel.a(sched.c.obj)
 .text.pended_on_thread
                0x000000000000bd8a        0x4 zephyr/kernel/libkernel.a(sched.c.obj)
 .text.z_sched_prio_cmp
                0x000000000000bd8e       0x14 zephyr/kernel/libkernel.a(sched.c.obj)
                0x000000000000bd8e                z_sched_prio_cmp
 .text.z_unpend_thread_no_timeout
                0x000000000000bda2       0x34 zephyr/kernel/libkernel.a(sched.c.obj)
                0x000000000000bda2                z_unpend_thread_no_timeout
 .text.z_reschedule_irqlock
                0x000000000000bdd6       0x1c zephyr/kernel/libkernel.a(sched.c.obj)
                0x000000000000bdd6                z_reschedule_irqlock
 .text.z_reschedule_unlocked
                0x000000000000bdf2       0x18 zephyr/kernel/libkernel.a(sched.c.obj)
 .text.z_priq_dumb_remove
                0x000000000000be0a       0x10 zephyr/kernel/libkernel.a(sched.c.obj)
                0x000000000000be0a                z_priq_dumb_remove
 .text.unpend_thread_no_timeout
                0x000000000000be1a       0x1c zephyr/kernel/libkernel.a(sched.c.obj)
 .text.z_priq_dumb_best
                0x000000000000be36        0xe zephyr/kernel/libkernel.a(sched.c.obj)
                0x000000000000be36                z_priq_dumb_best
 .text.z_ready_thread
                0x000000000000be44       0x38 zephyr/kernel/libkernel.a(sched.c.obj)
                0x000000000000be44                z_ready_thread
 .text.z_sched_wake_thread
                0x000000000000be7c       0x54 zephyr/kernel/libkernel.a(sched.c.obj)
                0x000000000000be7c                z_sched_wake_thread
 .text.z_thread_timeout
                0x000000000000bed0        0xc zephyr/kernel/libkernel.a(sched.c.obj)
                0x000000000000bed0                z_thread_timeout
 .text.unpend_all
                0x000000000000bedc       0x2a zephyr/kernel/libkernel.a(sched.c.obj)
 .text.add_to_waitq_locked
                0x000000000000bf06       0x56 zephyr/kernel/libkernel.a(sched.c.obj)
 .text.pend_locked
                0x000000000000bf5c       0x18 zephyr/kernel/libkernel.a(sched.c.obj)
 .text.z_unpend1_no_timeout
                0x000000000000bf74       0x3c zephyr/kernel/libkernel.a(sched.c.obj)
                0x000000000000bf74                z_unpend1_no_timeout
 .text.z_unpend_first_thread
                0x000000000000bfb0       0x44 zephyr/kernel/libkernel.a(sched.c.obj)
                0x000000000000bfb0                z_unpend_first_thread
 .text.init_ready_q
                0x000000000000bff4        0x8 zephyr/kernel/libkernel.a(sched.c.obj)
                0x000000000000bff4                init_ready_q
 .text.z_sched_wake
                0x000000000000bffc       0x5c zephyr/kernel/libkernel.a(sched.c.obj)
                0x000000000000bffc                z_sched_wake
 .text.remove_timeout
                0x000000000000c058       0x2e zephyr/kernel/libkernel.a(timeout.c.obj)